тип читателя: Чтение данных
тип писателя: Запись данных
тип результата: Результат чтения данных
тип по-английски: Чтение данных
типы читателя и писателя различны: Нет
значение читателя печатается: ЧтениеДанных
ТипЗнч читателя: Чтение данных
ТипЗнч совпадает с Тип: Да
значение писателя печатается: ЗаписьДанных
читатель ПорядокБайтов: Little-endian
читатель КодировкаТекста: UTF-8
читатель РазделительСтрок: []
писатель ПорядокБайтов: Little-endian
писатель КодировкаТекста: UTF-8
писатель РазделительСтрок: [10]
позиция потока после конструктора: 0
первый байт: 65
позиция потока после первого байта: 1
второй байт: 66
позиция потока после второго байта: 2
размер целевого сразу после ЗаписатьБайт: 1
позиция целевого сразу после ЗаписатьБайт: 1
чередование: байт до Перейти: 65
чередование: чтение после чужого Перейти: <ошибка>
чередование: после возврата позиции: принято 66
переход на ту же позицию: принято 65
чередование писателя: запись: <ошибка>
размер до отвергнутой записи: 1
размер после отвергнутой записи: 1
писатель после возврата позиции: принято, размер 2
целое16 по умолчанию: 16961
целое16 явным BigEndian: 16706
читатель: свойство после присваивания: Big-endian
читатель: целое16 после присваивания свойства: 16961
читатель: целое16 при BigEndian из конструктора: 16706
целое32 по умолчанию: 1178944579
писатель: целое16 по умолчанию: 2 1 0 0 0 0 0 0
писатель: целое16 после присваивания свойства: 1 2 0 0 0 0 0 0
писатель: целое16 явным BigEndian: 1 2 0 0 0 0 0 0
байты ЗаписатьСимволы(Аб): 208 144 208 177 0 0 0 0 0 0 0 0 0 0 0 0
байты ЗаписатьСимволы(A ПС B): 65 13 10 66 0 0 0 0 0 0 0 0 0 0 0 0
байты ЗаписатьСтроку(AB): 65 66 13 10 0 0 0 0 0 0 0 0 0 0 0 0
байты ЗаписатьСтроку при разделителе !: 65 66 33 0 0 0 0 0 0 0 0 0 0 0 0 0
байты ЗаписатьСтроку с разделителем аргументом: 65 66 33 0 0 0 0 0 0 0 0 0 0 0 0 0
байты ЗаписатьСимволы(Аб, windows-1251): 192 225 0 0 0 0 0 0 0 0 0 0 0 0 0 0
байты после присваивания КодировкаТекста: 192 225 0 0 0 0 0 0 0 0 0 0 0 0 0 0
ПрочитатьСимволы(2) над кириллицей: АБ
позиция потока после двух символов: 4
круг windows-1251: Аб
ПрочитатьСтроку при пустом разделителе: ABCDEFGHIJKLMNOP
строка 1 при разделителе F: ABCDE
строка 2 при разделителе F: GHIJKLMNOP
строка 1 при разделителе CD: AB
строка 2 при разделителе CD: EFGHIJKLMNOP
круг ЗаписатьСтроку -> ПрочитатьСтроку: [65 66 13]
ПрочитатьБайт на пустом: Неопределено
ПрочитатьСимволы на пустом: []
ПрочитатьСтроку на пустом: []
Прочитать(4) на пустом: размер: 0
ПрочитатьВБуферДвоичныхДанных на пустом: размер: 0
Пропустить(13) вернуло: 13
позиция после Пропустить(13): 13
целое32 при трёх оставшихся байтах: Неопределено
позиция после неудачного целого: 13
следующий байт после неудачного целого: 78
Пропустить(100) вернуло: 100
позиция потока после Пропустить(100): 100
размер потока после Пропустить(100): 16
Прочитать(100) при 16 байтах: размер: 16
Прочитать(0) при 16 байтах: размер: 16
ПрочитатьСимволы(0) при 16 байтах: ABCDEFGHIJKLMNOP
тип результата чтения: Результат чтения данных
результат: Размер: 4
результат: буфер: 65 66 67 68
результат: тип двоичных данных: Двоичные данные
результат: размер двоичных данных: 4
читатель от числа: <ошибка>
читатель от БуферДвоичныхДанных: <ошибка>
файл: размер прочитанного: 5
файл: байты: 208 144 208 177 10
файл: Прочитать(2^45) даёт сколько есть: 5
повтор: размер после первой записи: 8
повтор: байты после первой записи: 65 66 67 68 69 70 71 72
повтор: размер после второй записи: 8
повтор: байты после второй записи: 90 66 67 68 69 70 71 72
читатель от отсутствующего файла: <ошибка>
читатель над ДвоичныеДанные: первый байт: 208
читатель над ДвоичныеДанные: второй байт: 144
писатель от ДвоичныеДанные: <ошибка>
размер целевого потока после Закрыть: 16
чтение после Закрыть: принято 65
Прочитать(-1): <ошибка>
Прочитать(2.5): <ошибка>
Пропустить(-1): <ошибка>
ЗаписатьБайт(256): <ошибка>
ЗаписатьБайт(-1): <ошибка>
ЗаписатьЦелое16(65536): <ошибка>
ЗаписатьБайт(255): принято
размер потока после принятых записей: 1
память: ПрочитатьВБуферДвоичныхДанных(2^32): <ошибка>
память: байт после отвергнутого буфера: 65
память: ПрочитатьСимволы(2^32): <ошибка>
память: байт после отвергнутых символов: 65
память: Прочитать(2^32): принято, размер 16
файл: ПрочитатьВБуферДвоичныхДанных(2^32): <ошибка>
файл: байт после отвергнутого буфера: 208
файл: ПрочитатьСимволы(2^32): <ошибка>
файл: байт после отвергнутых символов: 208
файл: Прочитать(2^32): принято, размер 5
