срез 2 3: [12 13 14]
размер среза: 3
тип среза: Буфер двоичных данных
срез до конца: [15 16 17]
срез длины ноль: [13 14 15 16 17]
срез 0 0: [10 11 12 13 14 15 16 17]
срез дробной позиции: [11 12]
срез среза: [13 14]
срез после правки источника: [99 13 14]
источник после правки среза: [10 11 77 13 14 15 16 17]
порядок у среза: Big-endian
порядок источника после правки среза: Big-endian
запись целого в срез: [10 11 2 1 14 15 16 17]
срез с позиции размера: <ошибка>
срез за концом: <ошибка>
срез дробной длины: <ошибка>
срез отрицательной позиции: <ошибка>
записать с позиции 2: [0 0 200 201 202 203 0 0]
записать пять байтов: [10 11 12 13 14 0 0 0]
записать количество ноль: [200 201 202 203 0 0 0 0]
записать в дробную позицию: [0 200 201 202 203 0 0 0]
записать в себя: [10 11 12 13 10 11 12 13]
записать не помещается: [0 0 200 201]
записать больше источника: <ошибка>
записать в отрицательную позицию: <ошибка>
записать число вместо буфера: <ошибка>
записать четыре аргумента: <ошибка>
копия после правки источника: [10 11 12 13 14 15 16 17]
порядок у копии: Big-endian
копия среза: [12 13 14]
копия с аргументом: <ошибка>
