=== документ ===
тип значения: Документ  DOM
представление: ДокументDOM
имя узла: #document
версия XML: 1.0
детей: 3
есть атрибуты: Нет
родитель: 
владелец — сам документ: Да
читатель исчерпан: Нет Ничего
=== дерево ===
Инструкция обработки «обработка» лок=«» префикс=«» URI=«» значение=«»
Элемент «к:каталог» лок=«каталог» префикс=«к» URI=«urn:каталог» значение=«»
  @ «xmlns:к» = «urn:каталог» лок=«к» префикс=«xmlns» URI=«http://www.w3.org/2000/xmlns/»
  @ «xmlns» = «urn:товар» лок=«xmlns» префикс=«» URI=«http://www.w3.org/2000/xmlns/»
  @ «версия» = «2» лок=«версия» префикс=«» URI=«»
  @ «к:код» = «АБВ» лок=«код» префикс=«к» URI=«urn:каталог»
  Элемент «товар» лок=«товар» префикс=«» URI=«urn:товар» значение=«»
    @ «ид» = «1» лок=«ид» префикс=«» URI=«»
    Элемент «имя» лок=«имя» префикс=«» URI=«urn:товар» значение=«»
      Текст «#text» лок=«» префикс=«» URI=«» значение=«Стол»
    Элемент «цена» лок=«цена» префикс=«» URI=«urn:товар» значение=«»
      @ «валюта» = «руб» лок=«валюта» префикс=«» URI=«»
      Текст «#text» лок=«» префикс=«» URI=«» значение=«1200.50»
    Комментарий «#comment» лок=«» префикс=«» URI=«» значение=«комментарий о товаре»
    Элемент «описание» лок=«описание» префикс=«» URI=«urn:товар» значение=«»
      Текст «#text» лок=«» префикс=«» URI=«» значение=«дуб & металл, сборка»
  Элемент «товар» лок=«товар» префикс=«» URI=«urn:товар» значение=«»
    @ «ид» = «2» лок=«ид» префикс=«» URI=«»
    Элемент «имя» лок=«имя» префикс=«» URI=«urn:товар» значение=«»
      Текст «#text» лок=«» префикс=«» URI=«» значение=«Стул»
    Элемент «цена» лок=«цена» префикс=«» URI=«urn:товар» значение=«»
      @ «валюта» = «usd» лок=«валюта» префикс=«» URI=«»
      Текст «#text» лок=«» префикс=«» URI=«» значение=«45»
    Элемент «описание» лок=«описание» префикс=«» URI=«urn:товар» значение=«»
      Текст «#text» лок=«» префикс=«» URI=«» значение=«раз»
      Комментарий «#comment» лок=«» префикс=«» URI=«» значение=«разрыв»
      Текст «#text» лок=«» префикс=«» URI=«» значение=«два»
  Элемент «пусто» лок=«пусто» префикс=«» URI=«urn:товар» значение=«»
Комментарий «#comment» лок=«» префикс=«» URI=«» значение=«хвостовой комментарий»
=== навигация ===
корень: к:каталог, родитель #document
первый дочерний: товар
последний дочерний: пусто
сосед первого: товар
предыдущий последнего: товар
до первого: 
после последнего: 
тождество: Да
два списка: Нет
владелец документа у корня: Да
=== пространства имён ===
корень: имя «к:каталог» лок «каталог» префикс «к» URI «urn:каталог»
товар: имя «товар» лок «товар» префикс «» URI «urn:товар»
=== атрибуты ===
атрибутов у корня: 4
версия по имени: 2
к:код полным именем: 
к:код локальным именем: 
к:код по URI: АБВ
версия пустым URI: 2
версия чужим URI: 
которого нет: 
есть версия: Да
есть к:код полным именем: Нет
есть к:код по URI: Да
узел атрибута: Атрибут DOM
владелец атрибута: к:каталог
родитель атрибута: 
детей у атрибута: 1, первый «2»
у товара атрибутов: 1, у имени: 0
=== текстовое содержимое ===
каталог: «Стол1200.50дуб & металл, сборкаСтул45раздва»
первый товар: «Стол1200.50дуб & металл, сборка»
описание с CDATA: «дуб & металл, сборка»
пустой элемент: «»
содержимое документа: 
=== поиск элементов ===
товаров: 2
всех элементов: 10
по полному имени корня: 1
по локальному имени корня: 1
цен у корня: 2
которых нет: 0
цены: руб=1200.50 usd=45
по идентификатору: 
=== ошибки ===
битый XML отвергнут
пустой ввод отвергнут
индекс за границей отвергнут
