file.begin	dynamic-async-context-1
dynamic.async.direct.ready	start;return;caller;value=17;repeat=17;
dynamic.async.direct.pending	start;caller;resumed;return;value=17;repeat=17;
dynamic.async.direct.error.ready	start;raise;caller;caught=await;repeat-error;
dynamic.async.direct.error.pending	start;caller;resumed;raise;caught=await;repeat-error;
dynamic.async.eval.ready	start;return;caller;value=17;repeat=17;
dynamic.async.eval.pending	start;caller;resumed;return;value=17;repeat=17;
dynamic.async.eval.error.ready	start;raise;caller;caught=await;repeat-error;
dynamic.async.eval.error.pending	start;caller;resumed;raise;caught=await;repeat-error;
dynamic.async.nested.ready	start;return;caller;value=17;repeat=17;
dynamic.async.nested.pending	start;caller;resumed;return;value=17;repeat=17;
dynamic.async.nested.error.ready	start;raise;caller;caught=await;repeat-error;
dynamic.async.nested.error.pending	start;caller;resumed;raise;caught=await;repeat-error;
dynamic.async.reference.ready	start;return;caller;value=17;repeat=17;
dynamic.async.reference.pending	start;caller;resumed;return;value=17;repeat=17;
dynamic.async.reference.error.ready	start;raise;caller;caught=await;repeat-error;
dynamic.async.reference.error.pending	start;caller;resumed;raise;caught=await;repeat-error;
dynamic.async.procedure.direct	start;caller;resumed;caller-resumed;
dynamic.async.procedure.execute	start;caller;resumed;caller-resumed;
file.end	dynamic-async-context-1
