file.begin	delete-async-types-1
delete.async.ru.number	ok|promise=1|undefined=1|root=1|keep=1|target=0
delete.async.ru.zero	ok|promise=1|undefined=1|root=1|keep=1|target=0
delete.async.ru.true	ok|promise=1|undefined=1|root=1|keep=1|target=0
delete.async.ru.false	ok|promise=1|undefined=1|root=1|keep=1|target=0
delete.async.ru.null	ok|promise=1|undefined=1|root=0|keep=0|target=0
delete.async.ru.undefined	ok|promise=1|undefined=1|root=0|keep=0|target=0
delete.async.ru.empty	ok|promise=1|undefined=1|root=0|keep=0|target=0
delete.async.ru.array	ok|promise=1|undefined=1|root=1|keep=1|target=0
delete.async.ru.structure	ok|promise=1|undefined=1|root=1|keep=1|target=0
delete.async.en.number	ok|promise=1|undefined=1|root=1|keep=1|target=0
delete.async.en.zero	ok|promise=1|undefined=1|root=1|keep=1|target=0
delete.async.en.true	ok|promise=1|undefined=1|root=1|keep=1|target=0
delete.async.en.false	ok|promise=1|undefined=1|root=1|keep=1|target=0
delete.async.en.null	ok|promise=1|undefined=1|root=0|keep=0|target=0
delete.async.en.undefined	ok|promise=1|undefined=1|root=0|keep=0|target=0
delete.async.en.empty	ok|promise=1|undefined=1|root=0|keep=0|target=0
delete.async.en.array	ok|promise=1|undefined=1|root=1|keep=1|target=0
delete.async.en.structure	ok|promise=1|undefined=1|root=1|keep=1|target=0
file.end	delete-async-types-1
