file.begin	file-async-read-1
read.ordinary.exists.ru	ok|value=1|sync_equal=1
read.ordinary.exists.en	ok|value=1|sync_equal=1
read.ordinary.isfile.ru	ok|value=1|sync_equal=1
read.ordinary.isfile.en	ok|value=1|sync_equal=1
read.ordinary.isdir.ru	ok|value=0|sync_equal=1
read.ordinary.isdir.en	ok|value=0|sync_equal=1
read.ordinary.size.ru	ok|value=3|sync_equal=1
read.ordinary.size.en	ok|value=3|sync_equal=1
read.ordinary.readonly.ru	ok|value=0|sync_equal=1
read.ordinary.readonly.en	ok|value=0|sync_equal=1
read.ordinary.hidden.ru	ok|value=0|sync_equal=1
read.ordinary.hidden.en	ok|value=0|sync_equal=1
read.ordinary.time.ru	ok|value=<local>|sync_equal=1
read.ordinary.time.en	ok|value=<local>|sync_equal=1
read.ordinary.timeutc.ru	ok|value=20200102030405|sync_equal=1
read.ordinary.timeutc.en	ok|value=20200102030405|sync_equal=1
read.directory.exists.ru	ok|value=1|sync_equal=1
read.directory.exists.en	ok|value=1|sync_equal=1
read.directory.isfile.ru	ok|value=0|sync_equal=1
read.directory.isfile.en	ok|value=0|sync_equal=1
read.directory.isdir.ru	ok|value=1|sync_equal=1
read.directory.isdir.en	ok|value=1|sync_equal=1
read.directory.size.ru	error|stage=await
read.directory.size.en	error|stage=await
read.directory.readonly.ru	ok|value=0|sync_equal=1
read.directory.readonly.en	ok|value=0|sync_equal=1
read.directory.hidden.ru	ok|value=0|sync_equal=1
read.directory.hidden.en	ok|value=0|sync_equal=1
read.directory.time.ru	ok|value=<local>|sync_equal=1
read.directory.time.en	ok|value=<local>|sync_equal=1
read.directory.timeutc.ru	ok|value=20200102030405|sync_equal=1
read.directory.timeutc.en	ok|value=20200102030405|sync_equal=1
read.missing.exists.ru	ok|value=0|sync_equal=1
read.missing.exists.en	ok|value=0|sync_equal=1
read.missing.isfile.ru	error|stage=await
read.missing.isfile.en	error|stage=await
read.missing.isdir.ru	error|stage=await
read.missing.isdir.en	error|stage=await
read.missing.size.ru	error|stage=await
read.missing.size.en	error|stage=await
read.missing.readonly.ru	error|stage=await
read.missing.readonly.en	error|stage=await
read.missing.hidden.ru	error|stage=await
read.missing.hidden.en	error|stage=await
read.missing.time.ru	error|stage=await
read.missing.time.en	error|stage=await
read.missing.timeutc.ru	error|stage=await
read.missing.timeutc.en	error|stage=await
file.end	file-async-read-1
