file.begin	path-whitespace-1
ws.0.suffix	base=0kept=1length=16
ws.0.prefix	base=0kept=1length=16
ws.0.inside	base=0kept=1length=22
ws.0.slash	base=0kept=1length=16
ws.1.suffix	base=0kept=1length=16
ws.1.prefix	base=0kept=1length=16
ws.1.inside	base=0kept=1length=22
ws.1.slash	base=0kept=1length=16
ws.8.suffix	base=0kept=1length=16
ws.8.prefix	base=0kept=1length=16
ws.8.inside	base=0kept=1length=22
ws.8.slash	base=0kept=1length=16
ws.9.suffix	base=1kept=0length=15
ws.9.prefix	base=0kept=1length=16
ws.9.inside	base=0kept=1length=22
ws.9.slash	base=1kept=0length=15
ws.10.suffix	base=1kept=0length=15
ws.10.prefix	base=0kept=1length=16
ws.10.inside	base=0kept=1length=22
ws.10.slash	base=1kept=0length=15
ws.11.suffix	base=1kept=0length=15
ws.11.prefix	base=0kept=1length=16
ws.11.inside	base=0kept=1length=22
ws.11.slash	base=1kept=0length=15
ws.12.suffix	base=1kept=0length=15
ws.12.prefix	base=0kept=1length=16
ws.12.inside	base=0kept=1length=22
ws.12.slash	base=1kept=0length=15
ws.13.suffix	base=1kept=0length=15
ws.13.prefix	base=0kept=1length=16
ws.13.inside	base=0kept=1length=22
ws.13.slash	base=1kept=0length=15
ws.28.suffix	base=1kept=0length=15
ws.28.prefix	base=0kept=1length=16
ws.28.inside	base=0kept=1length=22
ws.28.slash	base=1kept=0length=15
ws.29.suffix	base=1kept=0length=15
ws.29.prefix	base=0kept=1length=16
ws.29.inside	base=0kept=1length=22
ws.29.slash	base=1kept=0length=15
ws.30.suffix	base=1kept=0length=15
ws.30.prefix	base=0kept=1length=16
ws.30.inside	base=0kept=1length=22
ws.30.slash	base=1kept=0length=15
ws.31.suffix	base=1kept=0length=15
ws.31.prefix	base=0kept=1length=16
ws.31.inside	base=0kept=1length=22
ws.31.slash	base=1kept=0length=15
ws.32.suffix	base=1kept=0length=15
ws.32.prefix	base=0kept=1length=16
ws.32.inside	base=0kept=1length=22
ws.32.slash	base=1kept=0length=15
ws.127.suffix	base=0kept=1length=16
ws.127.prefix	base=0kept=1length=16
ws.127.inside	base=0kept=1length=22
ws.127.slash	base=0kept=1length=16
ws.133.suffix	base=1kept=0length=15
ws.133.prefix	base=0kept=1length=16
ws.133.inside	base=0kept=1length=22
ws.133.slash	base=1kept=0length=15
ws.160.suffix	base=1kept=0length=15
ws.160.prefix	base=0kept=1length=16
ws.160.inside	base=0kept=1length=22
ws.160.slash	base=1kept=0length=15
ws.5760.suffix	base=1kept=0length=15
ws.5760.prefix	base=0kept=1length=16
ws.5760.inside	base=0kept=1length=22
ws.5760.slash	base=1kept=0length=15
ws.8192.suffix	base=1kept=0length=15
ws.8192.prefix	base=0kept=1length=16
ws.8192.inside	base=0kept=1length=22
ws.8192.slash	base=1kept=0length=15
ws.8193.suffix	base=1kept=0length=15
ws.8193.prefix	base=0kept=1length=16
ws.8193.inside	base=0kept=1length=22
ws.8193.slash	base=1kept=0length=15
ws.8194.suffix	base=1kept=0length=15
ws.8194.prefix	base=0kept=1length=16
ws.8194.inside	base=0kept=1length=22
ws.8194.slash	base=1kept=0length=15
ws.8195.suffix	base=1kept=0length=15
ws.8195.prefix	base=0kept=1length=16
ws.8195.inside	base=0kept=1length=22
ws.8195.slash	base=1kept=0length=15
ws.8196.suffix	base=1kept=0length=15
ws.8196.prefix	base=0kept=1length=16
ws.8196.inside	base=0kept=1length=22
ws.8196.slash	base=1kept=0length=15
ws.8197.suffix	base=1kept=0length=15
ws.8197.prefix	base=0kept=1length=16
ws.8197.inside	base=0kept=1length=22
ws.8197.slash	base=1kept=0length=15
ws.8198.suffix	base=1kept=0length=15
ws.8198.prefix	base=0kept=1length=16
ws.8198.inside	base=0kept=1length=22
ws.8198.slash	base=1kept=0length=15
ws.8199.suffix	base=1kept=0length=15
ws.8199.prefix	base=0kept=1length=16
ws.8199.inside	base=0kept=1length=22
ws.8199.slash	base=1kept=0length=15
ws.8200.suffix	base=1kept=0length=15
ws.8200.prefix	base=0kept=1length=16
ws.8200.inside	base=0kept=1length=22
ws.8200.slash	base=1kept=0length=15
ws.8201.suffix	base=1kept=0length=15
ws.8201.prefix	base=0kept=1length=16
ws.8201.inside	base=0kept=1length=22
ws.8201.slash	base=1kept=0length=15
ws.8202.suffix	base=1kept=0length=15
ws.8202.prefix	base=0kept=1length=16
ws.8202.inside	base=0kept=1length=22
ws.8202.slash	base=1kept=0length=15
ws.8203.suffix	base=0kept=1length=16
ws.8203.prefix	base=0kept=1length=16
ws.8203.inside	base=0kept=1length=22
ws.8203.slash	base=0kept=1length=16
ws.8232.suffix	base=1kept=0length=15
ws.8232.prefix	base=0kept=1length=16
ws.8232.inside	base=0kept=1length=22
ws.8232.slash	base=1kept=0length=15
ws.8233.suffix	base=1kept=0length=15
ws.8233.prefix	base=0kept=1length=16
ws.8233.inside	base=0kept=1length=22
ws.8233.slash	base=1kept=0length=15
ws.8239.suffix	base=1kept=0length=15
ws.8239.prefix	base=0kept=1length=16
ws.8239.inside	base=0kept=1length=22
ws.8239.slash	base=1kept=0length=15
ws.8287.suffix	base=1kept=0length=15
ws.8287.prefix	base=0kept=1length=16
ws.8287.inside	base=0kept=1length=22
ws.8287.slash	base=1kept=0length=15
ws.12288.suffix	base=1kept=0length=15
ws.12288.prefix	base=0kept=1length=16
ws.12288.inside	base=0kept=1length=22
ws.12288.slash	base=1kept=0length=15
ws.65279.suffix	base=0kept=1length=16
ws.65279.prefix	base=0kept=1length=16
ws.65279.inside	base=0kept=1length=22
ws.65279.slash	base=0kept=1length=16
file.end	path-whitespace-1
