file.begin	file-async-write-1
write.a.readonly.ru	ok|undefined=1|after=1
write.a.readonly.en	ok|undefined=1|after=1
write.a.hidden.ru	ok|undefined=1|after=0
write.a.hidden.en	ok|undefined=1|after=0
write.a.time.ru	ok|undefined=1|after=20200102060405
write.a.time.en	ok|undefined=1|after=20200102060405
write.a.timeutc.ru	ok|undefined=1|after=20200102030405
write.a.timeutc.en	ok|undefined=1|after=20200102030405
write.directory.readonly.ru	ok|undefined=1|after=1
write.directory.readonly.en	ok|undefined=1|after=1
write.directory.hidden.ru	ok|undefined=1|after=0
write.directory.hidden.en	ok|undefined=1|after=0
write.directory.time.ru	ok|undefined=1|after=20200102060405
write.directory.time.en	ok|undefined=1|after=20200102060405
write.directory.timeutc.ru	ok|undefined=1|after=20200102030405
write.directory.timeutc.en	ok|undefined=1|after=20200102030405
write.missing.readonly.ru	error|stage=await
write.missing.readonly.en	error|stage=await
write.missing.hidden.ru	error|stage=await
write.missing.hidden.en	error|stage=await
write.missing.time.ru	error|stage=await
write.missing.time.en	error|stage=await
write.missing.timeutc.ru	error|stage=await
write.missing.timeutc.en	error|stage=await
write.undefined.readonly	error|stage=await
write.undefined.hidden	error|stage=await
write.undefined.time	error|stage=await
write.undefined.timeutc	error|stage=await
file.end	file-async-write-1
