=== функция преобразования: позиции ===
  преобразование: свойство=<нет> доп=ДОП отказ=Нет
1 верхний уровень: "<преобразовано>"
  преобразование: свойство=<нет> доп=ДОП отказ=Нет
2 элемент массива: [1,"<преобразовано>"]
  преобразование: свойство=Второе доп=ДОП отказ=Нет
3 свойство структуры: {"Первое":1,"Второе":"<преобразовано>"}
  преобразование: свойство=Ключ доп=ДОП отказ=Нет
4 значение соответствия: {"Ключ":"<преобразовано>"}
  преобразование: свойство=<нет> доп=ДОП отказ=Нет
5 вложенная структура: {"Внешнее":{"Внутреннее":["<преобразовано>"]}}
6 всё сериализуемо: {"а":1}
7 дата: {"д":"2014-05-10T00:00:00"}
  преобразование: свойство=1 доп=ДОП отказ=Нет
8 массив как объект: {"0":1,"1":"<преобразовано>"}
=== Отказ ===
9 свойство структуры: {"Первое":1}
10 элемент массива: [1,3]
11 значение соответствия: {}
12 верхний уровень: []
=== результат функции преобразования ===
13 снова несериализуемое: <ошибка> (вызовов: 1)
14 контейнер с несериализуемым: {"а":{"вложенное":{"вложенное":{"вложенное":"<хватит>"}}}} (вызовов: 4)
15 Неопределено: {"а":null}
=== ошибки вызова функции преобразования ===
16 нет такой функции: <ошибка>
17 не то число параметров: <ошибка>
18 исключение изнутри: <ошибка>
=== функция восстановления: порядок обхода ===
  восстановление: свойство=чис тип=Число доп=ДОП
  восстановление: свойство=стр тип=Строка доп=ДОП
  восстановление: свойство=лог тип=Булево доп=ДОП
  восстановление: свойство=нул тип=Не определено доп=ДОП
  восстановление: свойство=вчис тип=Число доп=ДОП
  восстановление: свойство=<нет> тип=Число доп=ДОП
  восстановление: свойство=<нет> тип=Число доп=ДОП
  восстановление: свойство=вмас тип=Массив доп=ДОП
  восстановление: свойство=об тип=Структура доп=ДОП
  восстановление: свойство=<нет> тип=Число доп=ДОП
  восстановление: свойство=<нет> тип=Строка доп=ДОП
  восстановление: свойство=<нет> тип=Булево доп=ДОП
  восстановление: свойство=<нет> тип=Не определено доп=ДОП
  восстановление: свойство=мчис тип=Число доп=ДОП
  восстановление: свойство=<нет> тип=Структура доп=ДОП
  восстановление: свойство=<нет> тип=Число доп=ДОП
  восстановление: свойство=<нет> тип=Число доп=ДОП
  восстановление: свойство=<нет> тип=Массив доп=ДОП
  восстановление: свойство=мас тип=Массив доп=ДОП
  восстановление: свойство=<нет> тип=Структура доп=ДОП
19 итог: {"чис":1,"стр":"т","лог":true,"нул":null,"об":{"вчис":2,"вмас":[7,8]},"мас":[3,"ф",false,null,{"мчис":4},[5,6]]}
  восстановление: свойство=<нет> тип=Число доп=ДОП
  восстановление: свойство=<нет> тип=Строка доп=ДОП
  восстановление: свойство=в тип=Число доп=ДОП
  восстановление: свойство=<нет> тип=Структура доп=ДОП
  восстановление: свойство=<нет> тип=Массив доп=ДОП
20 массив сверху: [1,"т",{"в":2}]
  восстановление: свойство=<нет> тип=Число доп=ДОП
21 скаляр сверху: 42
  восстановление: свойство=<нет> тип=Структура доп=ДОП
22 пустой объект: {}
  восстановление: свойство=<нет> тип=Массив доп=ДОП
23 пустой массив: []
=== ИменаСвойствДляФункцииВосстановления ===
24 фильтр [б]: {"а":1,"б":"<б>","в":{"б":"<б>","г":4}}
25 фильтр [Б] (регистр): {"а":1,"б":2,"в":{"б":3,"г":4}}
26 фильтр пустой: "<<нет>>"
=== восстановление против списка дат ===
27 без функции: Дата
28 функция мимо: Дата
29 функция по свойству: Строка
=== ошибки вызова функции восстановления ===
30 нет такой функции: <ошибка>
31 не то число параметров: <ошибка>
32 исключение изнутри: <ошибка>
