{"Фамилия":"Иванов","Имя":"Иван","Отчество":"Иванович","Возраст":42,"Женат":true,"Телефоны":["+7 900 000-00-01","+7 900 000-00-02"]}
Иванов Иван, 42
Массив из 2
+7 900 000-00-01
Иван: 30
Пётр: 25
свойства верхнего уровня: а б г 
[|1,|"два",|true,|{|"вложенное": "значение"|}|]
после пропуска: Имя свойства  нужное
нужное = 7
Соответствие: 1
Дата / Строка
{"Создан":"2024-03-04T05:06:07"}
