file.begin	notification-array-access-1
index.zero.1	ok:10|array=10,20
index.zero.2	ok:10|array=10,20
index.zero.3	ok|array=99,20
index.zero.4	ok|array=99,20
index.one.1	ok:20|array=10,20
index.one.2	ok:20|array=10,20
index.one.3	ok|array=10,99
index.one.4	ok|array=10,99
index.negative.1	error|array=10,20
index.negative.2	error|array=10,20
index.negative.3	error|array=10,20
index.negative.4	error|array=10,20
index.end.1	error|array=10,20
index.end.2	error|array=10,20
index.end.3	error|array=10,20
index.end.4	error|array=10,20
index.fraction.1	ok:20|array=10,20
index.fraction.2	ok:20|array=10,20
index.fraction.3	ok|array=10,99
index.fraction.4	ok|array=10,99
index.string.1	ok:20|array=10,20
index.string.2	ok:20|array=10,20
index.string.3	ok|array=10,99
index.string.4	ok|array=10,99
index.boolean.1	ok:20|array=10,20
index.boolean.2	ok:20|array=10,20
index.boolean.3	ok|array=10,99
index.boolean.4	ok|array=10,99
index.undefined.1	error|array=10,20
index.undefined.2	error|array=10,20
index.undefined.3	error|array=10,20
index.undefined.4	error|array=10,20
index.null.1	error|array=10,20
index.null.2	error|array=10,20
index.null.3	error|array=10,20
index.null.4	error|array=10,20
arity.get.zero	error|array=10,20
arity.get.extra	error|array=10,20
arity.set.zero	error|array=10,20
arity.set.one	error|array=10,20
arity.set.extra	error|array=10,20
kind.set.expression	error|array=10,20
file.end	notification-array-access-1
