file.begin	table-access-1
access.zero.1.ru	ok|value=10|row=10,20|other=30,40|rows=2|cols=2
access.zero.1.en	ok|value=10|row=10,20|other=30,40|rows=2|cols=2
access.zero.2.ru	ok|value=Левая|row=10,20|other=30,40|rows=2|cols=2
access.zero.2.en	ok|value=Левая|row=10,20|other=30,40|rows=2|cols=2
access.zero.3.ru	ok|value=10|row=10,20|other=30,40|rows=2|cols=2
access.zero.3.en	ok|value=10|row=10,20|other=30,40|rows=2|cols=2
access.zero.4.ru	ok|row=99,20|other=30,40|rows=2|cols=2
access.zero.4.en	ok|row=99,20|other=30,40|rows=2|cols=2
access.one.1.ru	ok|value=30|row=10,20|other=30,40|rows=2|cols=2
access.one.1.en	ok|value=30|row=10,20|other=30,40|rows=2|cols=2
access.one.2.ru	ok|value=Правая|row=10,20|other=30,40|rows=2|cols=2
access.one.2.en	ok|value=Правая|row=10,20|other=30,40|rows=2|cols=2
access.one.3.ru	ok|value=20|row=10,20|other=30,40|rows=2|cols=2
access.one.3.en	ok|value=20|row=10,20|other=30,40|rows=2|cols=2
access.one.4.ru	ok|row=10,99|other=30,40|rows=2|cols=2
access.one.4.en	ok|row=10,99|other=30,40|rows=2|cols=2
access.end.1.ru	error|row=10,20|other=30,40|rows=2|cols=2
access.end.1.en	error|row=10,20|other=30,40|rows=2|cols=2
access.end.2.ru	error|row=10,20|other=30,40|rows=2|cols=2
access.end.2.en	error|row=10,20|other=30,40|rows=2|cols=2
access.end.3.ru	error|row=10,20|other=30,40|rows=2|cols=2
access.end.3.en	error|row=10,20|other=30,40|rows=2|cols=2
access.end.4.ru	error|row=10,20|other=30,40|rows=2|cols=2
access.end.4.en	error|row=10,20|other=30,40|rows=2|cols=2
access.fraction.1.ru	ok|value=30|row=10,20|other=30,40|rows=2|cols=2
access.fraction.1.en	ok|value=30|row=10,20|other=30,40|rows=2|cols=2
access.fraction.2.ru	ok|value=Правая|row=10,20|other=30,40|rows=2|cols=2
access.fraction.2.en	ok|value=Правая|row=10,20|other=30,40|rows=2|cols=2
access.fraction.3.ru	ok|value=20|row=10,20|other=30,40|rows=2|cols=2
access.fraction.3.en	ok|value=20|row=10,20|other=30,40|rows=2|cols=2
access.fraction.4.ru	ok|row=10,99|other=30,40|rows=2|cols=2
access.fraction.4.en	ok|row=10,99|other=30,40|rows=2|cols=2
access.negative_fraction.1.ru	error|row=10,20|other=30,40|rows=2|cols=2
access.negative_fraction.1.en	error|row=10,20|other=30,40|rows=2|cols=2
access.negative_fraction.2.ru	error|row=10,20|other=30,40|rows=2|cols=2
access.negative_fraction.2.en	error|row=10,20|other=30,40|rows=2|cols=2
access.negative_fraction.3.ru	error|row=10,20|other=30,40|rows=2|cols=2
access.negative_fraction.3.en	error|row=10,20|other=30,40|rows=2|cols=2
access.negative_fraction.4.ru	error|row=10,20|other=30,40|rows=2|cols=2
access.negative_fraction.4.en	error|row=10,20|other=30,40|rows=2|cols=2
access.negative.1.ru	error|row=10,20|other=30,40|rows=2|cols=2
access.negative.1.en	error|row=10,20|other=30,40|rows=2|cols=2
access.negative.2.ru	error|row=10,20|other=30,40|rows=2|cols=2
access.negative.2.en	error|row=10,20|other=30,40|rows=2|cols=2
access.negative.3.ru	error|row=10,20|other=30,40|rows=2|cols=2
access.negative.3.en	error|row=10,20|other=30,40|rows=2|cols=2
access.negative.4.ru	error|row=10,20|other=30,40|rows=2|cols=2
access.negative.4.en	error|row=10,20|other=30,40|rows=2|cols=2
access.negative_large_fraction.1.ru	error|row=10,20|other=30,40|rows=2|cols=2
access.negative_large_fraction.1.en	error|row=10,20|other=30,40|rows=2|cols=2
access.negative_large_fraction.2.ru	error|row=10,20|other=30,40|rows=2|cols=2
access.negative_large_fraction.2.en	error|row=10,20|other=30,40|rows=2|cols=2
access.negative_large_fraction.3.ru	error|row=10,20|other=30,40|rows=2|cols=2
access.negative_large_fraction.3.en	error|row=10,20|other=30,40|rows=2|cols=2
access.negative_large_fraction.4.ru	error|row=10,20|other=30,40|rows=2|cols=2
access.negative_large_fraction.4.en	error|row=10,20|other=30,40|rows=2|cols=2
access.string.1.ru	ok|value=30|row=10,20|other=30,40|rows=2|cols=2
access.string.1.en	ok|value=30|row=10,20|other=30,40|rows=2|cols=2
access.string.2.ru	ok|value=Правая|row=10,20|other=30,40|rows=2|cols=2
access.string.2.en	ok|value=Правая|row=10,20|other=30,40|rows=2|cols=2
access.string.3.ru	ok|value=20|row=10,20|other=30,40|rows=2|cols=2
access.string.3.en	ok|value=20|row=10,20|other=30,40|rows=2|cols=2
access.string.4.ru	ok|row=10,99|other=30,40|rows=2|cols=2
access.string.4.en	ok|row=10,99|other=30,40|rows=2|cols=2
access.string_spaces.1.ru	ok|value=30|row=10,20|other=30,40|rows=2|cols=2
access.string_spaces.1.en	ok|value=30|row=10,20|other=30,40|rows=2|cols=2
access.string_spaces.2.ru	ok|value=Правая|row=10,20|other=30,40|rows=2|cols=2
access.string_spaces.2.en	ok|value=Правая|row=10,20|other=30,40|rows=2|cols=2
access.string_spaces.3.ru	ok|value=20|row=10,20|other=30,40|rows=2|cols=2
access.string_spaces.3.en	ok|value=20|row=10,20|other=30,40|rows=2|cols=2
access.string_spaces.4.ru	ok|row=10,99|other=30,40|rows=2|cols=2
access.string_spaces.4.en	ok|row=10,99|other=30,40|rows=2|cols=2
access.string_fraction.1.ru	ok|value=30|row=10,20|other=30,40|rows=2|cols=2
access.string_fraction.1.en	ok|value=30|row=10,20|other=30,40|rows=2|cols=2
access.string_fraction.2.ru	ok|value=Правая|row=10,20|other=30,40|rows=2|cols=2
access.string_fraction.2.en	ok|value=Правая|row=10,20|other=30,40|rows=2|cols=2
access.string_fraction.3.ru	ok|value=20|row=10,20|other=30,40|rows=2|cols=2
access.string_fraction.3.en	ok|value=20|row=10,20|other=30,40|rows=2|cols=2
access.string_fraction.4.ru	ok|row=10,99|other=30,40|rows=2|cols=2
access.string_fraction.4.en	ok|row=10,99|other=30,40|rows=2|cols=2
access.column_name.1.ru	error|row=10,20|other=30,40|rows=2|cols=2
access.column_name.1.en	error|row=10,20|other=30,40|rows=2|cols=2
access.column_name.2.ru	error|row=10,20|other=30,40|rows=2|cols=2
access.column_name.2.en	error|row=10,20|other=30,40|rows=2|cols=2
access.column_name.3.ru	error|row=10,20|other=30,40|rows=2|cols=2
access.column_name.3.en	error|row=10,20|other=30,40|rows=2|cols=2
access.column_name.4.ru	error|row=10,20|other=30,40|rows=2|cols=2
access.column_name.4.en	error|row=10,20|other=30,40|rows=2|cols=2
access.bad_string.1.ru	error|row=10,20|other=30,40|rows=2|cols=2
access.bad_string.1.en	error|row=10,20|other=30,40|rows=2|cols=2
access.bad_string.2.ru	error|row=10,20|other=30,40|rows=2|cols=2
access.bad_string.2.en	error|row=10,20|other=30,40|rows=2|cols=2
access.bad_string.3.ru	error|row=10,20|other=30,40|rows=2|cols=2
access.bad_string.3.en	error|row=10,20|other=30,40|rows=2|cols=2
access.bad_string.4.ru	error|row=10,20|other=30,40|rows=2|cols=2
access.bad_string.4.en	error|row=10,20|other=30,40|rows=2|cols=2
access.true.1.ru	ok|value=30|row=10,20|other=30,40|rows=2|cols=2
access.true.1.en	ok|value=30|row=10,20|other=30,40|rows=2|cols=2
access.true.2.ru	ok|value=Правая|row=10,20|other=30,40|rows=2|cols=2
access.true.2.en	ok|value=Правая|row=10,20|other=30,40|rows=2|cols=2
access.true.3.ru	ok|value=20|row=10,20|other=30,40|rows=2|cols=2
access.true.3.en	ok|value=20|row=10,20|other=30,40|rows=2|cols=2
access.true.4.ru	ok|row=10,99|other=30,40|rows=2|cols=2
access.true.4.en	ok|row=10,99|other=30,40|rows=2|cols=2
access.false.1.ru	ok|value=10|row=10,20|other=30,40|rows=2|cols=2
access.false.1.en	ok|value=10|row=10,20|other=30,40|rows=2|cols=2
access.false.2.ru	ok|value=Левая|row=10,20|other=30,40|rows=2|cols=2
access.false.2.en	ok|value=Левая|row=10,20|other=30,40|rows=2|cols=2
access.false.3.ru	ok|value=10|row=10,20|other=30,40|rows=2|cols=2
access.false.3.en	ok|value=10|row=10,20|other=30,40|rows=2|cols=2
access.false.4.ru	ok|row=99,20|other=30,40|rows=2|cols=2
access.false.4.en	ok|row=99,20|other=30,40|rows=2|cols=2
access.undefined.1.ru	error|row=10,20|other=30,40|rows=2|cols=2
access.undefined.1.en	error|row=10,20|other=30,40|rows=2|cols=2
access.undefined.2.ru	error|row=10,20|other=30,40|rows=2|cols=2
access.undefined.2.en	error|row=10,20|other=30,40|rows=2|cols=2
access.undefined.3.ru	error|row=10,20|other=30,40|rows=2|cols=2
access.undefined.3.en	error|row=10,20|other=30,40|rows=2|cols=2
access.undefined.4.ru	error|row=10,20|other=30,40|rows=2|cols=2
access.undefined.4.en	error|row=10,20|other=30,40|rows=2|cols=2
access.null.1.ru	error|row=10,20|other=30,40|rows=2|cols=2
access.null.1.en	error|row=10,20|other=30,40|rows=2|cols=2
access.null.2.ru	error|row=10,20|other=30,40|rows=2|cols=2
access.null.2.en	error|row=10,20|other=30,40|rows=2|cols=2
access.null.3.ru	error|row=10,20|other=30,40|rows=2|cols=2
access.null.3.en	error|row=10,20|other=30,40|rows=2|cols=2
access.null.4.ru	error|row=10,20|other=30,40|rows=2|cols=2
access.null.4.en	error|row=10,20|other=30,40|rows=2|cols=2
access.array.1.ru	error|row=10,20|other=30,40|rows=2|cols=2
access.array.1.en	error|row=10,20|other=30,40|rows=2|cols=2
access.array.2.ru	error|row=10,20|other=30,40|rows=2|cols=2
access.array.2.en	error|row=10,20|other=30,40|rows=2|cols=2
access.array.3.ru	error|row=10,20|other=30,40|rows=2|cols=2
access.array.3.en	error|row=10,20|other=30,40|rows=2|cols=2
access.array.4.ru	error|row=10,20|other=30,40|rows=2|cols=2
access.array.4.en	error|row=10,20|other=30,40|rows=2|cols=2
access.date.1.ru	error|row=10,20|other=30,40|rows=2|cols=2
access.date.1.en	error|row=10,20|other=30,40|rows=2|cols=2
access.date.2.ru	error|row=10,20|other=30,40|rows=2|cols=2
access.date.2.en	error|row=10,20|other=30,40|rows=2|cols=2
access.date.3.ru	error|row=10,20|other=30,40|rows=2|cols=2
access.date.3.en	error|row=10,20|other=30,40|rows=2|cols=2
access.date.4.ru	error|row=10,20|other=30,40|rows=2|cols=2
access.date.4.en	error|row=10,20|other=30,40|rows=2|cols=2
arity.none.1	error|row=10,20|other=30,40|rows=2|cols=2
arity.extra.1	error|row=10,20|other=30,40|rows=2|cols=2
arity.none.2	error|row=10,20|other=30,40|rows=2|cols=2
arity.extra.2	error|row=10,20|other=30,40|rows=2|cols=2
arity.none.3	error|row=10,20|other=30,40|rows=2|cols=2
arity.extra.3	error|row=10,20|other=30,40|rows=2|cols=2
arity.none.4	error|row=10,20|other=30,40|rows=2|cols=2
arity.one.4	error|row=10,20|other=30,40|rows=2|cols=2
arity.extra.4	error|row=10,20|other=30,40|rows=2|cols=2
expression.Установить	error|row=10,20|other=30,40|rows=2|cols=2
expression.Set	error|row=10,20|other=30,40|rows=2|cols=2
file.end	table-access-1
