file.begin	array-insert-1
insert.zero.ru	ok|count=3|99|10|20
insert.zero.en	ok|count=3|99|10|20
insert.one.ru	ok|count=3|10|99|20
insert.one.en	ok|count=3|10|99|20
insert.end.ru	ok|count=3|10|20|99
insert.end.en	ok|count=3|10|20|99
insert.gap.ru	ok|count=4|10|20|<u>|99
insert.gap.en	ok|count=4|10|20|<u>|99
insert.far.ru	ok|count=11|10|20|<u>|<u>|<u>|<u>|<u>|<u>|<u>|<u>|99
insert.far.en	ok|count=11|10|20|<u>|<u>|<u>|<u>|<u>|<u>|<u>|<u>|99
insert.fraction.ru	ok|count=3|10|99|20
insert.fraction.en	ok|count=3|10|99|20
insert.negative_fraction.ru	ok|count=3|99|10|20
insert.negative_fraction.en	ok|count=3|99|10|20
insert.negative.ru	error|count=2|10|20
insert.negative.en	error|count=2|10|20
insert.negative_large_fraction.ru	error|count=2|10|20
insert.negative_large_fraction.en	error|count=2|10|20
insert.string.ru	ok|count=3|10|99|20
insert.string.en	ok|count=3|10|99|20
insert.string_spaces.ru	ok|count=3|10|99|20
insert.string_spaces.en	ok|count=3|10|99|20
insert.string_fraction.ru	ok|count=3|10|99|20
insert.string_fraction.en	ok|count=3|10|99|20
insert.bad_string.ru	error|count=2|10|20
insert.bad_string.en	error|count=2|10|20
insert.true.ru	ok|count=3|10|99|20
insert.true.en	ok|count=3|10|99|20
insert.false.ru	ok|count=3|99|10|20
insert.false.en	ok|count=3|99|10|20
insert.undefined.ru	error|count=2|10|20
insert.undefined.en	error|count=2|10|20
insert.null.ru	error|count=2|10|20
insert.null.en	error|count=2|10|20
insert.array.ru	error|count=2|10|20
insert.array.en	error|count=2|10|20
insert.date.ru	error|count=2|10|20
insert.date.en	error|count=2|10|20
arity.no_args.ru	error|count=2|10|20
arity.default.ru	ok|count=3|10|<u>|20
arity.extra.ru	error|count=2|10|20
arity.no_args.en	error|count=2|10|20
arity.default.en	ok|count=3|10|<u>|20
arity.extra.en	error|count=2|10|20
expression.ru	error|count=2|10|20
expression.en	error|count=2|10|20
empty.zero	ok|count=1|99
empty.gap	ok|count=3|<u>|<u>|99
file.end	array-insert-1
