страниц: 1
вложений: 3
вложение: [данные.bin] [application/octet-stream] [Данные] [0123456789]
вложение: [источник.xml] [application/xml] [Источник] [<a>текст</a>]
вложение: [накладная.txt] [text/plain] [Не указано] [Привет, вложение!]
найдено по имени: накладная.txt
индекс найденного: 2
нет такого: Не определено
после правок: 3
перечитано страниц: 1
перечитано вложений: 3
круг: [добавленное.txt] [text/plain] [Дополнение] [Строка из фикстуры]
круг: [источник.xml] [text/xml] [Источник] [<a>текст</a>]
круг: [накладная.txt] [text/plain] [Не указано] [Привет, вложение!]
