тип результата: Результат поиска по регулярному выражению
представление результата: РезультатПоискаПоРегулярномуВыражению
свойства: [#ff0000|14|7]
английские свойства: [#ff0000|14|7]
группы: [ff0000|15|6]
тип группы: Группа результата поиска по регулярному выражению
представление группы: ГруппаРезультатаПоискаПоРегулярномуВыражению
англ GetGroups: 1
тип по русскому имени: Да
тип по английскому имени: Да
тип группы по имени: Да
промах — тоже объект: Результат поиска по регулярному выражению
промах свойства: [|0|0]
промах группы: 0
порядок вложенных: [аб|1|2][а|1|1][б|2|1][в|3|1]
незахватывающая не в счёт: [б|2|1]
без групп: 
не участвовала: [|0|0][б|1|1]
участвовала и пуста: [|2|0][б|2|1]
захват последней итерации: [аб|3|2]
жадный: <а><б>
ленивый: <а>
ограниченный: ааа
ровно столько: аа
не менее: аааа
необязательный: [б|1|1]
альтернация слева направо: аб
класс диапазоном: а
класс отрицанием: в
класс сокращением: 12
цифры: 12
не цифры: аб
пробелы: [  |2|2]
словесные: аб1
свойство буква: а
свойство цифра: 1
отрицание свойства: 1
граница слова: [вг|4|2]
не граница слова: [вг|3|2]
экранированная точка: [.|2|1]
экранированная косая: [\|2|1]
юникодный код: [б|2|1]
точка не берёт перевод: Нет
якорь начала: [аб|1|2]
якорь конца: [аб|3|2]
многострочный флагом: 2:[а|1|1][а|4|1]
многострочный аргументом: 2:[а|1|1][а|4|1]
без многострочности: 1:[а|1|1]
конец строки многострочно: 2:[б|2|1][б|5|1]
регистр аргументом: [Б|2|1]
регистр флагом: [Б|2|1]
регистр в классе: Да
регистр ё: Да
без регистра не находит: [|0|0]
флаг не действует назад: Нет
направление тип: НаправлениеПоиска
направление снач: С начала
направление сконца: С конца
англ направление: С конца
сначала: [а|1|1]
сконца: [а|3|1]
сконца жадный: [а|5|1]
сконца второе: [а|2|1]
сконца перекрытие: [аа|2|2]
сконца перекрытие второе: [|0|0]
сконца четыре: [аа|1|2]
сконца от позиции: [а|1|1]
сначала от позиции: [а|3|1]
позиция равна длине: [б|4|1]
якорь от позиции не сдвигается: [|0|0]
вхождение второе: [а|3|1]
вхождение третье: [а|5|1]
вхождение за краем: [|0|0]
перекрытие вперёд: [|0|0]
все три: 3:[а|1|1][а|3|1][а|5|1]
все с группами: [а|1|1][б|2|1]
все ничего: 0:
все пустые: 4:[|1|0][а|2|1][|3|0][|4|0]
все непересекающиеся: 2:[аа|1|2][аа|4|2]
все без регистра: 3:[а|1|1][А|2|1][а|3|1]
подобна части: Нет
подобна префиксу: Нет
подобна целиком: Да
подобна с якорями: Да
подобна альтернации: Да
подобна жадному: Да
подобна с хвостовым переводом: Нет
подобна телефону: Да
замена всех: ХбХб
замена на пустое: ав
замена без совпадений: абв
замена без регистра: ХХХ
замена группой: [а]в
замена нулевой группой: [аб]в
замена перестановкой: бав
замена телефона: +7 (123) 456 7890
замена одной цифрой: наб1квгд
замена цифрой и цифрой: на2квгд
замена десятой группой: нкк
замена пустой группой: [][б]
замена фигурной скобкой: н${1}квгд
замена двумя долларами: н$$квгд
замена долларом в конце: нк$вгд
замена долларом и буквой: н$хквгд
замена косой и буквой: нхквгд
замена двумя косыми: н\квгд
замена косой перед долларом: н$1квгд
замена косой в конце: нквгд
замена ссылкой за край: вн
замена пустых совпадений: -б--б-
замена многострочная: Хб\nХг
пустой шаблон найти: [|0|0]
пустой шаблон все: 0:
пустой шаблон подобна: Нет
пустой шаблон замена: -а-б-
пустая строка найти: [|0|0]
пустая строка все: 0:
пустая строка подобна: Да
пустая строка замена: -
пусто на пусто подобна: Да
шаблон только с пустотой: 3:[|1|0][|2|0][|3|0]
длина с парой: 4
позиция после пары: [б|4|1]
точка берёт пару целиком: 3:[а|1|1][😀|2|2][б|4|1]
замена по точке: ---
пустые вокруг пары: 4:[|1|0][|2|0][|4|0][|5|0]
незакрытая группа: ошибка
лишняя скобка: ошибка
незакрытый класс: ошибка
квантор без атома: ошибка
плохой шаблон у подобна: ошибка
плохой шаблон у замены: ошибка
плохой шаблон у всех: ошибка
позиция за краем: ошибка
позиция ноль: ошибка
вхождение ноль: ошибка
строка не строка: ошибка
