Табличный документ
пустой: 0x0
заполнен: 3x2
ячейка: цена1
через ссылку: заголовок
в обе: [итого][итого]
копия: 1x2
в копии: изменено
в исходном: строка1
вывод: 3x2
строки: [заголовок][строка1][цена1]
после объединения: [первая][][]
размер слитого: 1x3
имя: Заголовок
по имени: по имени
из файла: 2x2
из файла A1: по имени
из файла имя: по имени
число: [42] содержит: Да
дробное: [1 000,5]
дата: [02.08.2026 0:00:00]
после очистки: 0x0
