file.begin	stream-resize-values-1
memory.УстановитьРазмер.zero	ok|0:5:
memory.УстановитьРазмер.shrink	ok|2:5:1,2,
memory.УстановитьРазмер.same	ok|6:5:1,2,3,4,5,6,
memory.УстановитьРазмер.grow	ok|8:5:1,2,3,4,5,6,0,0,
memory.УстановитьРазмер.negative	error|6:5:1,2,3,4,5,6,
memory.УстановитьРазмер.fraction	error|6:5:1,2,3,4,5,6,
memory.УстановитьРазмер.string	error|6:5:1,2,3,4,5,6,
memory.УстановитьРазмер.undefined	error|6:5:1,2,3,4,5,6,
memory.УстановитьРазмер.null	error|6:5:1,2,3,4,5,6,
memory.УстановитьРазмер.boolean	error|6:5:1,2,3,4,5,6,
memory.УстановитьРазмер.arity0	error|6:5:1,2,3,4,5,6,
memory.УстановитьРазмер.arity2	error|6:5:1,2,3,4,5,6,
memory.УстановитьРазмер.expression	error|6:5:1,2,3,4,5,6,
memory.SetSize.zero	ok|0:5:
memory.SetSize.shrink	ok|2:5:1,2,
memory.SetSize.same	ok|6:5:1,2,3,4,5,6,
memory.SetSize.grow	ok|8:5:1,2,3,4,5,6,0,0,
memory.SetSize.negative	error|6:5:1,2,3,4,5,6,
memory.SetSize.fraction	error|6:5:1,2,3,4,5,6,
memory.SetSize.string	error|6:5:1,2,3,4,5,6,
memory.SetSize.undefined	error|6:5:1,2,3,4,5,6,
memory.SetSize.null	error|6:5:1,2,3,4,5,6,
memory.SetSize.boolean	error|6:5:1,2,3,4,5,6,
memory.SetSize.arity0	error|6:5:1,2,3,4,5,6,
memory.SetSize.arity2	error|6:5:1,2,3,4,5,6,
memory.SetSize.expression	error|6:5:1,2,3,4,5,6,
buffer.УстановитьРазмер.zero	ok|6:5:1,2,3,4,5,6,
buffer.УстановитьРазмер.shrink	error|2:2:1,2,
buffer.УстановитьРазмер.same	ok|6:5:1,2,3,4,5,6,
buffer.УстановитьРазмер.grow	error|6:5:1,2,3,4,5,6,
buffer.УстановитьРазмер.negative	error|6:5:1,2,3,4,5,6,
buffer.УстановитьРазмер.fraction	error|6:5:1,2,3,4,5,6,
buffer.УстановитьРазмер.string	error|6:5:1,2,3,4,5,6,
buffer.УстановитьРазмер.undefined	error|6:5:1,2,3,4,5,6,
buffer.УстановитьРазмер.null	error|6:5:1,2,3,4,5,6,
buffer.УстановитьРазмер.boolean	error|6:5:1,2,3,4,5,6,
buffer.УстановитьРазмер.arity0	error|6:5:1,2,3,4,5,6,
buffer.УстановитьРазмер.arity2	error|6:5:1,2,3,4,5,6,
buffer.УстановитьРазмер.expression	error|6:5:1,2,3,4,5,6,
buffer.SetSize.zero	ok|6:5:1,2,3,4,5,6,
buffer.SetSize.shrink	error|2:2:1,2,
buffer.SetSize.same	ok|6:5:1,2,3,4,5,6,
buffer.SetSize.grow	error|6:5:1,2,3,4,5,6,
buffer.SetSize.negative	error|6:5:1,2,3,4,5,6,
buffer.SetSize.fraction	error|6:5:1,2,3,4,5,6,
buffer.SetSize.string	error|6:5:1,2,3,4,5,6,
buffer.SetSize.undefined	error|6:5:1,2,3,4,5,6,
buffer.SetSize.null	error|6:5:1,2,3,4,5,6,
buffer.SetSize.boolean	error|6:5:1,2,3,4,5,6,
buffer.SetSize.arity0	error|6:5:1,2,3,4,5,6,
buffer.SetSize.arity2	error|6:5:1,2,3,4,5,6,
buffer.SetSize.expression	error|6:5:1,2,3,4,5,6,
file.УстановитьРазмер.zero	ok|0:5:
file.УстановитьРазмер.shrink	ok|2:5:1,2,
file.УстановитьРазмер.same	ok|6:5:1,2,3,4,5,6,
file.УстановитьРазмер.grow	ok|8:5:1,2,3,4,5,6,0,0,
file.УстановитьРазмер.negative	error|6:5:1,2,3,4,5,6,
file.УстановитьРазмер.fraction	error|6:5:1,2,3,4,5,6,
file.УстановитьРазмер.string	error|6:5:1,2,3,4,5,6,
file.УстановитьРазмер.undefined	error|6:5:1,2,3,4,5,6,
file.УстановитьРазмер.null	error|6:5:1,2,3,4,5,6,
file.УстановитьРазмер.boolean	error|6:5:1,2,3,4,5,6,
file.УстановитьРазмер.arity0	error|6:5:1,2,3,4,5,6,
file.УстановитьРазмер.arity2	error|6:5:1,2,3,4,5,6,
file.УстановитьРазмер.expression	error|6:5:1,2,3,4,5,6,
file.SetSize.zero	ok|0:5:
file.SetSize.shrink	ok|2:5:1,2,
file.SetSize.same	ok|6:5:1,2,3,4,5,6,
file.SetSize.grow	ok|8:5:1,2,3,4,5,6,0,0,
file.SetSize.negative	error|6:5:1,2,3,4,5,6,
file.SetSize.fraction	error|6:5:1,2,3,4,5,6,
file.SetSize.string	error|6:5:1,2,3,4,5,6,
file.SetSize.undefined	error|6:5:1,2,3,4,5,6,
file.SetSize.null	error|6:5:1,2,3,4,5,6,
file.SetSize.boolean	error|6:5:1,2,3,4,5,6,
file.SetSize.arity0	error|6:5:1,2,3,4,5,6,
file.SetSize.arity2	error|6:5:1,2,3,4,5,6,
file.SetSize.expression	error|6:5:1,2,3,4,5,6,
readonly.УстановитьРазмер.zero	error|6:5:1,2,3,4,5,6,
readonly.УстановитьРазмер.shrink	error|6:5:1,2,3,4,5,6,
readonly.УстановитьРазмер.same	error|6:5:1,2,3,4,5,6,
readonly.УстановитьРазмер.grow	error|6:5:1,2,3,4,5,6,
readonly.УстановитьРазмер.negative	error|6:5:1,2,3,4,5,6,
readonly.УстановитьРазмер.fraction	error|6:5:1,2,3,4,5,6,
readonly.УстановитьРазмер.string	error|6:5:1,2,3,4,5,6,
readonly.УстановитьРазмер.undefined	error|6:5:1,2,3,4,5,6,
readonly.УстановитьРазмер.null	error|6:5:1,2,3,4,5,6,
readonly.УстановитьРазмер.boolean	error|6:5:1,2,3,4,5,6,
readonly.УстановитьРазмер.arity0	error|6:5:1,2,3,4,5,6,
readonly.УстановитьРазмер.arity2	error|6:5:1,2,3,4,5,6,
readonly.УстановитьРазмер.expression	error|6:5:1,2,3,4,5,6,
readonly.SetSize.zero	error|6:5:1,2,3,4,5,6,
readonly.SetSize.shrink	error|6:5:1,2,3,4,5,6,
readonly.SetSize.same	error|6:5:1,2,3,4,5,6,
readonly.SetSize.grow	error|6:5:1,2,3,4,5,6,
readonly.SetSize.negative	error|6:5:1,2,3,4,5,6,
readonly.SetSize.fraction	error|6:5:1,2,3,4,5,6,
readonly.SetSize.string	error|6:5:1,2,3,4,5,6,
readonly.SetSize.undefined	error|6:5:1,2,3,4,5,6,
readonly.SetSize.null	error|6:5:1,2,3,4,5,6,
readonly.SetSize.boolean	error|6:5:1,2,3,4,5,6,
readonly.SetSize.arity0	error|6:5:1,2,3,4,5,6,
readonly.SetSize.arity2	error|6:5:1,2,3,4,5,6,
readonly.SetSize.expression	error|6:5:1,2,3,4,5,6,
closed.УстановитьРазмер.zero	error|closed_or_unreadable
closed.УстановитьРазмер.shrink	error|closed_or_unreadable
closed.УстановитьРазмер.same	error|closed_or_unreadable
closed.УстановитьРазмер.grow	error|closed_or_unreadable
closed.УстановитьРазмер.negative	error|closed_or_unreadable
closed.УстановитьРазмер.fraction	error|closed_or_unreadable
closed.УстановитьРазмер.string	error|closed_or_unreadable
closed.УстановитьРазмер.undefined	error|closed_or_unreadable
closed.УстановитьРазмер.null	error|closed_or_unreadable
closed.УстановитьРазмер.boolean	error|closed_or_unreadable
closed.УстановитьРазмер.arity0	error|closed_or_unreadable
closed.УстановитьРазмер.arity2	error|closed_or_unreadable
closed.УстановитьРазмер.expression	error|closed_or_unreadable
closed.SetSize.zero	error|closed_or_unreadable
closed.SetSize.shrink	error|closed_or_unreadable
closed.SetSize.same	error|closed_or_unreadable
closed.SetSize.grow	error|closed_or_unreadable
closed.SetSize.negative	error|closed_or_unreadable
closed.SetSize.fraction	error|closed_or_unreadable
closed.SetSize.string	error|closed_or_unreadable
closed.SetSize.undefined	error|closed_or_unreadable
closed.SetSize.null	error|closed_or_unreadable
closed.SetSize.boolean	error|closed_or_unreadable
closed.SetSize.arity0	error|closed_or_unreadable
closed.SetSize.arity2	error|closed_or_unreadable
closed.SetSize.expression	error|closed_or_unreadable
file.end	stream-resize-values-1
