[] 0
раз<ПС>два 2
хвостовой перевод: 1
только перевод: 1
пустой: 0
раз<ВК><ПС>два | строка 1 = [раз]
раз|два|[]|[]
раз<ПС>два<ПС> 2
раз<ПС>два<ПС>три
ноль<ПС>два<ПС>три
два<ПС>три
после промахов: раз
после вставки за концом: раз<ПС>девять<ПС>
после Очистить: [] 0
[#Область Тело<ПС>внутри<ПС>#КонецОбласти<ПС>]
строк в области: 3
текст после переустановки: [#Область Другая
иное
#КонецОбласти]
новая область после переустановки -> <ошибка>
[#область Шапка<ПС>привет<ПС>#конецобласти]
внешняя: [#Область Внешняя<ПС>а<ПС>]
внутренняя: [#Область Внутренняя<ПС>б<ПС>#КонецОбласти<ПС>]
нет области -> <ошибка>
[гвозди  1 000,5<ПС>оченьдл        <ПС>               <ПС>] строк: 3
[#Область Строка<ПС>[Товар] [Сумма]<ПС>#КонецОбласти]
чужое имя -> <ошибка>
обычный документ: []
[раз<ПС>два] 2
нет файла -> <ошибка>
UTF8|UTF16|ANSI|OEM|Системная
1251 круговой прогон: Аб
OEM записан, cp866 прочитан: Аб
UTF16 круговой прогон: Аб
неизвестная кодировка -> <ошибка>
