разыменователь: РазыменовательПространствИменDOM
тип разыменователя: Разыменователь пространств имен DOM XPath
к: urn:к
умолчание: urn:по
неизвестный префикс: 
предопределённый xml: 
товары: [к:товар к:товар]
товары с кодами: [@код=1 @код=2]
все элементы: [к:каталог к:товар имя цена к:товар имя цена прочее]
имя без префикса: []
по локальному имени: [цена цена]
атрибуты корня: [@версия=3]
атрибут с префиксом: [@к:метка=м]
текстовые узлы: [#text[яблоко] #text[груша]]
комментарий: [#comment[шапка]]
инструкция обработки: [пи]
предок цены: [к:каталог к:товар к:товар]
соседи имени: [цена цена]
объединение: [имя цена имя цена]
родитель атрибута: [к:товар к:товар]
пусто: []
первый товар: [@код=1]
последний товар: [@код=2]
по позиции: [@код=2]
по атрибуту: []
по наличию атрибута: [@код=1]
по отсутствию атрибута: [@код=2]
по вложенному значению: [@код=1]
нулевая позиция: []
в скобках: [@код=2]
обратная ось: [цена]
количество элементов: число 8
количество товаров: число 2
сумма цен: число 30
строка первого кода: строка [1]
склейка документа: строка [яблоко10груша20хвост]
локальное имя: строка [товар]
полное имя: строка [к:товар]
пространство имён: строка [urn:к]
пространство по умолчанию: строка [urn:по]
сравнение: булево Да
набор со строкой: булево Да
логика: булево Да
арифметика: число 16,5
остаток: число -1
округление вверх на середине: число -2
строки: строка [а/в г]
дробь строкой: строка [0,333333333333333]
длина дроби: число 17
разделитель дроби: булево Да
вид по умолчанию: узловой Неупорядоченный итератор узлов
вид снимка: Упорядоченный снимок узлов
узел снимка 0: к:товар
узел снимка 1: к:товар
узел снимка 2: 
вид первого узла: Первый упорядоченный узел
первый узел: к:товар
пустой первый узел: 
состояние итератора: Нет
тип выражения: Выражение DOM XPath
вычисление выражения: 8
повторное вычисление: 8
узел тот же: Да
документ тот же: Да
от элемента: к:товар
от элемента родитель: к:каталог
от атрибута: 3
от комментария: шапка
от текста: прочее
итератор до мутации: к:товар
итератор после мутации: к:товар
итератор исчерпан: 
свежая выборка видит новый узел: число 3
негодный синтаксис: ошибка
неизвестная функция: ошибка
несуществующая ось: ошибка
переменная: ошибка
неизвестный префикс: ошибка
пустое выражение: ошибка
позиция вне предиката: ошибка
объединение с числом: ошибка
негодное при создании: ошибка
неизвестный префикс при создании: принято
неизвестный префикс при вычислении: ошибка
