объект: ОбъектXDTO
объект это: Объект XDTO
незаполненное свойство: []
незаполненное это: Не определено
свойство с умолчанием: 7
умолчание это: Число
умолчание установлено: Нет
иным регистром: []
множественное это: Список XDTO
множественное пусто: 0
вложенное незаполнено: []
запись строки: аб
число в строку: 5 Строка
булево в строку: true
запись иным регистром: вг
строка в число: 42 Число
число в число: 43
дата в дату: 13.08.2026 0:00:00 Дата
строка в дату: 14.08.2026 0:00:00
поверх умолчания: 1 установлено=Да
атрибут: 10
значение XDTO в число: 44 Число
Неопределено в свойство: ошибка
булево в число: ошибка
присваивание в множественное: ошибка
запись постороннего имени: ошибка
чтение постороннего имени: ошибка
список через переменную: 1
два чтения равны: Да
владелец списка: Да
список: СписокXDTO
количество: 3
по индексу: один Строка
Получить: 3 Строка
обход: [один][два][3]
Установить: первый
Вставить: нулевой всего=4
Удалить: первый всего=3
множественное установлено: Да
индекс за границей: ошибка
Добавить Неопределено: ошибка
Получить именем: вг
Установить именем: де
Получить свойством: де
Установлено до сброса: Да
после сброса: [] установлено=Нет
сброс умолчания: 7 установлено=Нет
Свойства методом: 7
Свойства как у типа: Да
владелец отдельного: []
ПолучитьСписок общий: 4
Получить множественного: ошибка
ПолучитьСписок одиночного: ошибка
Установлено постороннего: ошибка
вложенное это: Объект XDTO
вложенное тождество: Да
владелец вложенного: Да
запись во вложенное: внутри
посторонний тип в свойство: ошибка
проверка пустого: ошибка
проверка заполненного: ок
проверка с пустым вложенным: ошибка
последовательность упорядоченного: []
последовательность: ПоследовательностьXDTO
последовательность это: Последовательность XDTO
пустая последовательность: 0
после заполнения: 3
порядок: [cb=аб][ca=вг][cb=де]
повторная запись: 3 же
владелец последовательности: Да
две последовательности равны: Да
Добавить свойством: 4 ca=зи
после очистки: 0 ca=[] cat=атрибут
Добавить атрибут: ошибка
значение: 42 Число
лексическое значение: 42
тип значения: {http://www.w3.org/2001/XMLSchema}int
запись в значение: ошибка
запись в лексическое: ошибка
