=== подмножество с ATTLIST ===
Начало элемента «к» значение=«»
Начало элемента «т» значение=«» @ид=«х»
Конец элемента «т» значение=«»
Конец элемента «к» значение=«»
=== ловушки подмножества ===
Начало элемента «к» значение=«»
Текст «#text» значение=«т»
Конец элемента «к» значение=«»
=== ссылки на сущности ===
Начало элемента «к» значение=«» @з=«хи»
Текст «#text» значение=«раз»
Ссылка на сущность «е» значение=«»
Текст «#text» значение=«два»
Конец элемента «к» значение=«»
=== необъявленная сущность ===
ошибка чтения
=== ошибка глубже: незакрытый элемент ===
Начало элемента «к» значение=«»
Начало элемента «а» значение=«»
Конец элемента «а» значение=«»
ошибка чтения
=== подмножество не закрыто ===
ошибка чтения
=== дерево DOM ===
корень: к
атрибут з: «прямо»
текстовое содержимое: «раздва»
  Текст «#text» значение=«раз»
  Ссылка на сущность «е» значение=«»
  Текст «#text» значение=«два»
запись корня: <к з="прямо">раз&е;два</к>
=== поиск по идентификатору ===
по идентификатору из DTD: Неопределено
