Начало элемента [к]=[] | Текст [#text]=[текст] | Конец элемента [к]=[]
Начало элемента [а]=[] | Начало элемента [б]=[] | Текст [#text]=[1] | Конец элемента [б]=[] | Начало элемента [в]=[] | Текст [#text]=[2] | Конец элемента [в]=[] | Конец элемента [а]=[]
Начало элемента [а]=[] | Конец элемента [а]=[]
Начало элемента [а]=[] | Конец элемента [а]=[]
Начало элемента [а]=[] | Конец элемента [а]=[]
Начало элемента [а]=[] | Конец элемента [а]=[]
Начало элемента [а]=[] | Инструкция обработки [целевой]=[данные] | Конец элемента [а]=[]
Начало элемента [а]=[] | Текст [#text]=[раз] | Текст [#text]=[два] | Конец элемента [а]=[]
Начало элемента [а]=[] | Текст [#text]=[раздватри] | Конец элемента [а]=[]
Начало элемента [а]=[] | Текст [#text]=[<не разметка>] | Конец элемента [а]=[]
Начало элемента [а]=[] | Текст [#text]=[&<>"'] | Конец элемента [а]=[]
Начало элемента [а]=[] | Текст [#text]=[AB] | Конец элемента [а]=[]
Начало элемента [а]=[] | Начало элемента [б]=[] | Конец элемента [б]=[] | Конец элемента [а]=[]
Начало элемента [а]=[] | Текст [#text]=[ т ] | Конец элемента [а]=[]
п:а|а|п|http://прим
2|х|1|два|Не определено
Атрибут [х]=[1] | Атрибут [у]=[два]
Конец элемента [б]
Конец элемента [а]
Ничего
Нет
битый: <ошибка>
пустой: <ошибка>
<а>
	<б>т</б>
</а>
<?xml version="1.0"?>
<а х="1"/>
<а х="&amp;&lt;&gt;&quot;'">&amp;&lt;&gt;"'</а>
<а>т
	<б/>у</а>
<а>
	<!--к-->
	<?целевой данные?>
	<![CDATA[<не разметка>]]></а>
<а><сырое/>
</а>
<?xml version="1.0" encoding="UTF-8"?><а><б/></а>
<а/>
лишний конец: <ошибка>
атрибут после текста: <ошибка>
[<а>]
[<а/>][]
<а х="1">т&amp;т</а>
Начало элемента [а]=[] | Текст [#text]=[т&т] | Конец элемента [а]=[]
