тип значения: СхемаXML, тип: Схема XML
пространство имён: urn:склад
версия: 2.1
форма элементов: Квалифицированная
форма атрибутов: 
расположение: []
тип компоненты: Схема
схема сама себе: Да
корень дерева: xs:schema
аннотация: Аннотация, документаций: 1, язык: ru

компоненты в порядке документа:
  Аннотация
  Объявление элемента Склад
  Объявление элемента Метка
  Объявление атрибута Версия
  Определение простого типа Артикул
  Определение простого типа Цвет
  Определение простого типа Артикулы
  Определение простого типа ЧислоИлиСтрока
  Определение составного типа ТипСклада
  Определение составного типа ТипБольшогоСклада
  Определение составного типа ТипПометки
  Определение составного типа ТипПустого

объявления элементов (2):
  Метка тип: {http://www.w3.org/2001/XMLSchema}string URI: urn:склад значение: [нет] ограничение: По умолчанию
  Склад тип: {urn:склад}ТипСклада URI: urn:склад значение: [] ограничение: 
  Метка типизированно: нет (Строка)
  поиск по паре: Склад
  поиск по расширенному имени: Склад
  поиск чужого: 
  тождество: Да

объявления атрибутов (1):
  Версия тип: {http://www.w3.org/2001/XMLSchema}int значение: [3] ограничение: Фиксированное типизированно: 3

определения типов (8):
  Артикул — Определение простого типа
  Артикулы — Определение простого типа
  ТипБольшогоСклада — Определение составного типа
  ТипПометки — Определение составного типа
  ТипПустого — Определение составного типа
  ТипСклада — Определение составного типа
  Цвет — Определение простого типа
  ЧислоИлиСтрока — Определение простого типа

простой тип Артикул:
  базовый: {http://www.w3.org/2001/XMLSchema}string
  вариант: Атомарная
  фасетов: 4
    фасет Фасет минимальной длины = [2] фиксирован: []
    фасет Фасет максимальной длины = [8] фиксирован: [Да]
    фасет Фасет образца = [[А-Я]{2}-[0-9]+]
    фасет Фасет пробельных символов = [collapse]
  контейнер — схема: Да
простой тип Цвет:
    фасет Фасет перечисления = [красный]
    фасет Фасет перечисления = [зелёный]
список Артикулы: вариант Список, тип элемента {urn:склад}Артикул
объединение ЧислоИлиСтрока: вариант Объединение, членов 2
  член: {http://www.w3.org/2001/XMLSchema}string
  член: {http://www.w3.org/2001/XMLSchema}int

составной тип ТипСклада:
  базовый: , наследование: 
  смешанный: , абстрактный: 
  модель содержимого: 
  содержимое: Фрагмент, входит от  до 
  группа Последовательность, фрагментов: 4
    элемент Название тип: {http://www.w3.org/2001/XMLSchema}string URI: [urn:склад] глобальное: Нет
    элемент Артикул тип: {urn:склад}Артикул URI: [urn:склад] глобальное: Нет
    элемент Адрес тип:  URI: [urn:склад] глобальное: Нет
      анонимный тип: Определение составного типа, имя: [], контейнер: Объявление элемента XML Schema
      группа Последовательность, фрагментов: 2
        элемент Город тип: {http://www.w3.org/2001/XMLSchema}string URI: [urn:склад] глобальное: Нет
        элемент Индекс тип: {http://www.w3.org/2001/XMLSchema}int URI: [urn:склад] глобальное: Нет
    группа Выбор, фрагментов: 2
      элемент Свой тип: {http://www.w3.org/2001/XMLSchema}string URI: [urn:склад] глобальное: Нет
      элемент Чужой тип: {http://www.w3.org/2001/XMLSchema}string URI: [urn:склад] глобальное: Нет
  атрибутов: 2
    Код тип: {http://www.w3.org/2001/XMLSchema}int обязательный: Да значение: [] ограничение:  URI: []
    Цвет тип: {urn:склад}Цвет обязательный: Нет значение: [красный] ограничение: По умолчанию URI: [urn:склад]

наследник ТипБольшогоСклада:
  базовый: {urn:склад}ТипСклада, метод: Расширение
  группа Последовательность, фрагментов: 1
    элемент Площадь тип: {http://www.w3.org/2001/XMLSchema}decimal URI: [urn:склад] глобальное: Нет
простое содержимое ТипПометки:
  базовый: {http://www.w3.org/2001/XMLSchema}string, метод: Расширение, содержимое: , атрибутов: 1
пустой тип ТипПустого: содержимое , компонент 0

набор схем: 1, та же схема: Да
повторное добавление: 1
  urn:склад

не схема: 
пустая схема: [] компонент 0, дерево 
расширенное имя: {urn:склад}Склад локальное: Склад URI: urn:склад равенство: Да
