размер архива: 965
тип читателя: Чтение ZIP файла
значение читателя: ЧтениеZipФайла
тип коллекции: Элементы ZIP файла
значение коллекции: ЭлементыZipФайла
тип элемента: Элемент ZIP файла
значение элемента: ЭлементZipФайла
тип по имени: Да
англ имя типа: Да
читатель заполнен: Да
комментарий: []
количество: 7
элемент: полное=накладная.txt имя=накладная.txt путь= база=накладная расш=txt исх=накладная.txt исхИмя=накладная.txt исхПуть= исхБаза=накладная исхРасш=txt разм=234 сжат=87 шифр=Нет дата=1980-01-01 00:00:00
элемент: полное=шум.bin имя=шум.bin путь= база=шум расш=bin исх=шум.bin исхИмя=шум.bin исхПуть= исхБаза=шум исхРасш=bin разм=24 сжат=24 шифр=Нет дата=1980-01-01 00:00:00
элемент: полное=папка/ имя= путь=папка/ база= расш= исх=папка/ исхИмя= исхПуть=папка/ исхБаза= исхРасш= разм=0 сжат=0 шифр=Нет дата=1980-01-01 00:00:00
элемент: полное=папка/вложенный.txt имя=вложенный.txt путь=папка/ база=вложенный расш=txt исх=папка/вложенный.txt исхИмя=вложенный.txt исхПуть=папка/ исхБаза=вложенный исхРасш=txt разм=12 сжат=12 шифр=Нет дата=1980-01-01 00:00:00
элемент: полное=отчёт_2026.txt имя=отчёт_2026.txt путь= база=отчёт_2026 расш=txt исх=отчёт:2026.txt исхИмя=отчёт:2026.txt исхПуть= исхБаза=отчёт:2026 исхРасш=txt разм=18 сжат=18 шифр=Нет дата=1980-01-01 00:00:00
элемент: полное=дубль.txt имя=дубль.txt путь= база=дубль расш=txt исх=дубль.txt исхИмя=дубль.txt исхПуть= исхБаза=дубль исхРасш=txt разм=12 сжат=12 шифр=Нет дата=1980-01-01 00:00:00
элемент: полное=дубль(1).txt имя=дубль(1).txt путь= база=дубль(1) расш=txt исх=дубль.txt исхИмя=дубль.txt исхПуть= исхБаза=дубль исхРасш=txt разм=12 сжат=12 шифр=Нет дата=1980-01-01 00:00:00
Получить(1): шум.bin
Элементы[3]: папка/вложенный.txt
Найти точное: шум.bin (исх шум.bin)
Найти иным регистром: шум.bin (исх шум.bin)
Найти по короткому имени: папка/вложенный.txt (исх папка/вложенный.txt)
Найти по полному имени: <нет>
Найти дубль: дубль.txt (исх дубль.txt)
Найти переименованный дубль: <нет>
Найти исходное с двоеточием: отчёт_2026.txt (исх отчёт:2026.txt)
Найти подставленное имя: <нет>
Найти каталог: <нет>
Найти пустое имя: папка/ (исх папка/)
Найти отсутствующее: <нет>
накладная: Товар;Цена<ПС>Гвоздь-0;0<ПС>Гвоздь-1;7<ПС>Гвоздь-2;14<ПС>Гвоздь-0;21<ПС>Гвоздь-1;28<ПС>Гвоздь-2;35<ПС>Гвоздь-0;42<ПС>Гвоздь-1;49<ПС>Гвоздь-2;56<ПС>Гвоздь-0;63<ПС>Гвоздь-1;70<ПС>Гвоздь-2;77<ПС>
шум размер: 24
вложенный: внутри
подставленное имя: двоеточие
дубль первый: первый
дубль второй: второй
плоско вложенный: внутри
плоско каталога нет: <нет файла>
Извлечь с путями: внутри
Извлечь плоско: внутри
режим Неопределено: <ошибка>
пустой каталог: <ошибка>
после Закрыть: <ошибка>
второе Закрыть: <ошибка>
тип закрытого: Чтение ZIP файла
после Открыть: 7
повторное Открыть: <ошибка>
тип читателя архива: Чтение файла архива
значение читателя архива: ЧтениеФайлаАрхива
тип коллекции архива: Элементы файла архива
тип элемента архива: Элемент файла архива
количество в архиве: 7
элемент архива: полное=папка/вложенный.txt имя=вложенный.txt путь=папка/ база=вложенный расш=txt исх=папка/вложенный.txt исхИмя=вложенный.txt исхПуть=папка/ исхБаза=вложенный исхРасш=txt разм=12 сжат=12 шифр=Нет дата=1980-01-01 00:00:00
разные типы читателей: Нет
с типом Zip: 7
представление режима: Не восстанавливать пути
представление типа архива: Тип архива ZIP
тип члена перечисления: ТипФайлаАрхива
секрет имя: секрет.txt
секрет шифр: Да
секрет размер: 16
секрет извлечён: <ошибка>
секрет на диске: <нет файла>
нет файла: <ошибка>
