дерево: Товар;Цена<ПС>Гвоздь;100<ПС>Шуруп;250<ПС>
a1 один файл без режима: записей 1, комментарий []
a1 один файл без режима:    [корень.txt] разм 52
a2 без путей: записей 1, комментарий []
a2 без путей:    [корень.txt] разм 52
a3 относительные: записей 1, комментарий []
a3 относительные:    [корень.txt] разм 52
a4 полные пути: записей 1, комментарий []
a4 полные пути:    [<корень>/корень.txt] разм 52
b1 маска *.txt: записей 1, комментарий []
b1 маска *.txt:    [корень.txt] разм 52
b2 маска * без рекурсии: записей 2, комментарий []
b2 маска * без рекурсии:    [данные.dat] разм 24
b2 маска * без рекурсии:    [корень.txt] разм 52
b3 маска с вопросом: записей 1, комментарий []
b3 маска с вопросом:    [данные.dat] разм 24
b4 маска ни во что: записей 1, комментарий []
b4 маска ни во что:    [<корень>/] разм 0
c1 рекурсия относительные: записей 4, комментарий []
c1 рекурсия относительные:    [данные.dat] разм 24
c1 рекурсия относительные:    [корень.txt] разм 52
c1 рекурсия относительные:    [под/вложенный.txt] разм 34
c1 рекурсия относительные:    [под/глубже/глубина.txt] разм 12
c2 рекурсия плоско: записей 4, комментарий []
c2 рекурсия плоско:    [вложенный.txt] разм 34
c2 рекурсия плоско:    [глубина.txt] разм 12
c2 рекурсия плоско:    [данные.dat] разм 24
c2 рекурсия плоско:    [корень.txt] разм 52
c3 явно без рекурсии: записей 2, комментарий []
c3 явно без рекурсии:    [данные.dat] разм 24
c3 явно без рекурсии:    [корень.txt] разм 52
c4 база в подкаталоге: записей 2, комментарий []
c4 база в подкаталоге:    [вложенный.txt] разм 34
c4 база в подкаталоге:    [глубже/глубина.txt] разм 12
c5 записи-каталоги: записей 3, комментарий []
c5 записи-каталоги:    [данные.dat] разм 24
c5 записи-каталоги:    [под/] разм 0
c5 записи-каталоги:    [под/глубже/] разм 0
g1 второе то же имя: <ошибка>
g1 после дубля: записей 2, комментарий []
g1 после дубля:    [данные.dat] разм 24
g1 после дубля:    [корень.txt] разм 52
g2 два режима одного файла: записей 2, комментарий []
g2 два режима одного файла:    [<корень>/корень.txt] разм 52
g2 два режима одного файла:    [корень.txt] разм 52
d1 копирование: записей 4, комментарий []
d1 копирование:    [вложенный.txt] разм 34 сжат 34
d1 копирование:    [глубина.txt] разм 12 сжат 12
d1 копирование:    [данные.dat] разм 24 сжат 24
d1 копирование:    [корень.txt] разм 52 сжат 52
d2 комментарий: записей 1, комментарий [комментарий архива]
d2 комментарий:    [корень.txt] разм 52
d3 тип писателя: Запись файла архива
d3 ЗаписьФайлаАрхива: записей 1, комментарий [комментарий архива]
d3 ЗаписьФайлаАрхива:    [корень.txt] разм 52
e1 данные до Записать: <ошибка>
e1 после Записать: записей 1, комментарий []
e1 после Записать:    [корень.txt] разм 52
e1 второй Записать: <ошибка>
e1 данные после Записать: Двоичные данные, пусто Нет
e2 повторный Открыть: <ошибка>
e2 после Открыть: записей 1, комментарий []
e2 после Открыть:    [данные.dat] разм 24
j1 нет файла: <ошибка>
j1 нет каталога маски: <ошибка>
j1 пустое имя: <ошибка>
j1 каталог без маски: принято
j1 после отказов: записей 0, комментарий []
j2 Записать без цели: <ошибка>
z1 корень: Товар;Цена<ПС>Гвоздь;100<ПС>Шуруп;250<ПС>
z1 корень сумма: 30933
z1 вложенный: внутри вложенного<ПС>
z1 глубина: на дне<ПС>
z1 данные сумма: 12660
z1 исходная сумма: 12660
