layout,BslValue,24,BslObject,88
phase,requests,requested_bytes,reallocations,live_bytes,peak_live_bytes,le16,le32,le64,le128,le256,le512,gt512
генерация: 3058 мс (483939 + 564564 строк)
prepare,44590064,1920717423,1048754,697193862,697194431,27813526,3145575,2097062,11533608,39,35,219
run,1532964,705287271,99,727560488,1108379875,99,43,50,1451890,80773,11,98
сравнение: 840 мс
итог: строк 80755, сумма знаков 80690
840
	Command being timed: "target/release/examples/alloc-profile target/table-allocation-study/table_compare2.bsl"
	User time (seconds): 3.77
	System time (seconds): 0.49
	Percent of CPU this job got: 99%
	Elapsed (wall clock) time (h:mm:ss or m:ss): 0:04.28
	Average shared text size (kbytes): 0
	Average unshared data size (kbytes): 0
	Average stack size (kbytes): 0
	Average total size (kbytes): 0
	Maximum resident set size (kbytes): 1080316
	Average resident set size (kbytes): 0
	Major (requiring I/O) page faults: 0
	Minor (reclaiming a frame) page faults: 280029
	Voluntary context switches: 0
	Involuntary context switches: 124
	Swaps: 0
	File system inputs: 0
	File system outputs: 8
	Socket messages sent: 0
	Socket messages received: 0
	Signals delivered: 0
	Page size (bytes): 4096
	Exit status: 0
