layout,BslValue,24,BslObject,88
phase,requests,requested_bytes,reallocations,live_bytes,peak_live_bytes,le16,le32,le64,le128,le256,le512,gt512
генерация: 3234 мс, строк в каждой таблице: 900000
prepare,47252310,3965579232,5850850,1157891836,1157892377,18450990,7848206,5652134,15300146,95,90,649
run,18401278,5109075605,177,4381555637,4453555759,484,234,80116,18320162,45,61,176
сравнение: 4924 мс, строк результата: 1800000
4924
	Command being timed: "target/release/examples/alloc-profile target/table-allocation-study/table_compare.bsl"
	User time (seconds): 7.60
	System time (seconds): 2.40
	Percent of CPU this job got: 99%
	Elapsed (wall clock) time (h:mm:ss or m:ss): 0:10.09
	Average shared text size (kbytes): 0
	Average unshared data size (kbytes): 0
	Average stack size (kbytes): 0
	Average total size (kbytes): 0
	Maximum resident set size (kbytes): 4529412
	Average resident set size (kbytes): 0
	Major (requiring I/O) page faults: 14
	Minor (reclaiming a frame) page faults: 1391675
	Voluntary context switches: 124
	Involuntary context switches: 3136
	Swaps: 0
	File system inputs: 21200
	File system outputs: 8
	Socket messages sent: 0
	Socket messages received: 0
	Signals delivered: 0
	Page size (bytes): 4096
	Exit status: 0
