   Compiling bsl-rt v0.3.0 (/home/kan/Документы/develop/open-bsl/crates/bsl-rt)
   Compiling bsl-format v0.1.0 (/home/kan/Документы/develop/open-bsl/crates/bsl-format)
   Compiling bsl-binbuf v0.1.0 (/home/kan/Документы/develop/open-bsl/crates/bsl-binbuf)
   Compiling bsl-bytecode v0.3.1 (/home/kan/Документы/develop/open-bsl/crates/bsl-bytecode)
   Compiling bsl-pdf v0.1.0 (/home/kan/Документы/develop/open-bsl/crates/bsl-pdf)
   Compiling bsl-sema v0.3.0 (/home/kan/Документы/develop/open-bsl/crates/bsl-sema)
   Compiling bsl-xml v0.1.0 (/home/kan/Документы/develop/open-bsl/crates/bsl-xml)
   Compiling bsl-textdoc v0.1.0 (/home/kan/Документы/develop/open-bsl/crates/bsl-textdoc)
   Compiling bsl-json v0.1.0 (/home/kan/Документы/develop/open-bsl/crates/bsl-json)
   Compiling bsl-crypto v0.1.0 (/home/kan/Документы/develop/open-bsl/crates/bsl-crypto)
   Compiling bsl-regexp v0.1.0 (/home/kan/Документы/develop/open-bsl/crates/bsl-regexp)
   Compiling bsl-zip v0.1.0 (/home/kan/Документы/develop/open-bsl/crates/bsl-zip)
   Compiling bsl-stream v0.1.0 (/home/kan/Документы/develop/open-bsl/crates/bsl-stream)
   Compiling bsl-http v0.2.0 (/home/kan/Документы/develop/open-bsl/crates/bsl-http)
   Compiling bsl-vm v0.3.1 (/home/kan/Документы/develop/open-bsl/crates/bsl-vm)
   Compiling bsl-compiler v0.3.1 (/home/kan/Документы/develop/open-bsl/crates/bsl-compiler)
   Compiling bsl-spreadsheet v0.1.0 (/home/kan/Документы/develop/open-bsl/crates/bsl-spreadsheet)
   Compiling open-bsl v0.4.2 (/home/kan/Документы/develop/open-bsl/crates/open-bsl)
   Compiling bsl-cli v0.3.1 (/home/kan/Документы/develop/open-bsl/crates/bsl-cli)
    Finished `release` profile [optimized] target(s) in 8.08s
