    Checking bsl-rt v0.3.0 (/home/kan/Документы/develop/open-bsl/crates/bsl-rt)
    Checking bsl-bytecode v0.3.1 (/home/kan/Документы/develop/open-bsl/crates/bsl-bytecode)
    Checking bsl-sema v0.3.0 (/home/kan/Документы/develop/open-bsl/crates/bsl-sema)
    Checking bsl-format v0.1.0 (/home/kan/Документы/develop/open-bsl/crates/bsl-format)
    Checking bsl-json v0.1.0 (/home/kan/Документы/develop/open-bsl/crates/bsl-json)
    Checking bsl-binbuf v0.1.0 (/home/kan/Документы/develop/open-bsl/crates/bsl-binbuf)
    Checking bsl-pdf v0.1.0 (/home/kan/Документы/develop/open-bsl/crates/bsl-pdf)
    Checking bsl-xml v0.1.0 (/home/kan/Документы/develop/open-bsl/crates/bsl-xml)
    Checking bsl-crypto v0.1.0 (/home/kan/Документы/develop/open-bsl/crates/bsl-crypto)
    Checking bsl-zip v0.1.0 (/home/kan/Документы/develop/open-bsl/crates/bsl-zip)
    Checking bsl-regexp v0.1.0 (/home/kan/Документы/develop/open-bsl/crates/bsl-regexp)
    Checking bsl-textdoc v0.1.0 (/home/kan/Документы/develop/open-bsl/crates/bsl-textdoc)
    Checking bsl-stream v0.1.0 (/home/kan/Документы/develop/open-bsl/crates/bsl-stream)
    Checking bsl-http v0.2.0 (/home/kan/Документы/develop/open-bsl/crates/bsl-http)
    Checking bsl-compiler v0.3.1 (/home/kan/Документы/develop/open-bsl/crates/bsl-compiler)
    Checking bsl-vm v0.3.1 (/home/kan/Документы/develop/open-bsl/crates/bsl-vm)
    Checking bsl-spreadsheet v0.1.0 (/home/kan/Документы/develop/open-bsl/crates/bsl-spreadsheet)
    Checking open-bsl v0.4.2 (/home/kan/Документы/develop/open-bsl/crates/open-bsl)
    Checking bsl-cli v0.3.1 (/home/kan/Документы/develop/open-bsl/crates/bsl-cli)
    Checking open-bsl-consumer v0.0.0 (/home/kan/Документы/develop/open-bsl/crates/open-bsl-consumer)
    Finished `dev` profile [unoptimized + debuginfo] target(s) in 3.87s
