    Checking bsl-number v0.3.0 (/home/kan/Документы/develop/open-bsl/crates/bsl-number)
 Documenting bsl-number v0.3.0 (/home/kan/Документы/develop/open-bsl/crates/bsl-number)
    Checking bsl-rt v0.3.0 (/home/kan/Документы/develop/open-bsl/crates/bsl-rt)
 Documenting bsl-rt v0.3.0 (/home/kan/Документы/develop/open-bsl/crates/bsl-rt)
    Checking bsl-bytecode v0.3.1 (/home/kan/Документы/develop/open-bsl/crates/bsl-bytecode)
    Checking bsl-binbuf v0.1.0 (/home/kan/Документы/develop/open-bsl/crates/bsl-binbuf)
    Checking bsl-format v0.1.0 (/home/kan/Документы/develop/open-bsl/crates/bsl-format)
    Checking bsl-pdf v0.1.0 (/home/kan/Документы/develop/open-bsl/crates/bsl-pdf)
    Checking bsl-sema v0.3.0 (/home/kan/Документы/develop/open-bsl/crates/bsl-sema)
    Checking bsl-xml v0.1.0 (/home/kan/Документы/develop/open-bsl/crates/bsl-xml)
    Checking bsl-textdoc v0.1.0 (/home/kan/Документы/develop/open-bsl/crates/bsl-textdoc)
    Checking bsl-zip v0.1.0 (/home/kan/Документы/develop/open-bsl/crates/bsl-zip)
    Checking bsl-crypto v0.1.0 (/home/kan/Документы/develop/open-bsl/crates/bsl-crypto)
    Checking bsl-regexp v0.1.0 (/home/kan/Документы/develop/open-bsl/crates/bsl-regexp)
    Checking bsl-json v0.1.0 (/home/kan/Документы/develop/open-bsl/crates/bsl-json)
 Documenting bsl-sema v0.3.0 (/home/kan/Документы/develop/open-bsl/crates/bsl-sema)
 Documenting bsl-xml v0.1.0 (/home/kan/Документы/develop/open-bsl/crates/bsl-xml)
 Documenting bsl-pdf v0.1.0 (/home/kan/Документы/develop/open-bsl/crates/bsl-pdf)
 Documenting bsl-regexp v0.1.0 (/home/kan/Документы/develop/open-bsl/crates/bsl-regexp)
 Documenting bsl-textdoc v0.1.0 (/home/kan/Документы/develop/open-bsl/crates/bsl-textdoc)
 Documenting bsl-zip v0.1.0 (/home/kan/Документы/develop/open-bsl/crates/bsl-zip)
 Documenting bsl-json v0.1.0 (/home/kan/Документы/develop/open-bsl/crates/bsl-json)
 Documenting bsl-format v0.1.0 (/home/kan/Документы/develop/open-bsl/crates/bsl-format)
 Documenting bsl-bytecode v0.3.1 (/home/kan/Документы/develop/open-bsl/crates/bsl-bytecode)
 Documenting bsl-binbuf v0.1.0 (/home/kan/Документы/develop/open-bsl/crates/bsl-binbuf)
 Documenting bsl-crypto v0.1.0 (/home/kan/Документы/develop/open-bsl/crates/bsl-crypto)
    Checking bsl-stream v0.1.0 (/home/kan/Документы/develop/open-bsl/crates/bsl-stream)
 Documenting bsl-stream v0.1.0 (/home/kan/Документы/develop/open-bsl/crates/bsl-stream)
    Checking bsl-vm v0.3.1 (/home/kan/Документы/develop/open-bsl/crates/bsl-vm)
    Checking bsl-compiler v0.3.1 (/home/kan/Документы/develop/open-bsl/crates/bsl-compiler)
 Documenting bsl-compiler v0.3.1 (/home/kan/Документы/develop/open-bsl/crates/bsl-compiler)
 Documenting bsl-vm v0.3.1 (/home/kan/Документы/develop/open-bsl/crates/bsl-vm)
    Checking bsl-http v0.2.0 (/home/kan/Документы/develop/open-bsl/crates/bsl-http)
 Documenting bsl-http v0.2.0 (/home/kan/Документы/develop/open-bsl/crates/bsl-http)
    Checking bsl-spreadsheet v0.1.0 (/home/kan/Документы/develop/open-bsl/crates/bsl-spreadsheet)
 Documenting bsl-spreadsheet v0.1.0 (/home/kan/Документы/develop/open-bsl/crates/bsl-spreadsheet)
    Checking open-bsl v0.4.2 (/home/kan/Документы/develop/open-bsl/crates/open-bsl)
 Documenting open-bsl v0.4.2 (/home/kan/Документы/develop/open-bsl/crates/open-bsl)
 Documenting open-bsl-consumer v0.0.0 (/home/kan/Документы/develop/open-bsl/crates/open-bsl-consumer)
 Documenting bsl-cli v0.3.1 (/home/kan/Документы/develop/open-bsl/crates/bsl-cli)
    Finished `dev` profile [unoptimized + debuginfo] target(s) in 55.02s
   Generated /home/kan/Документы/develop/open-bsl/target/doc/bsl_binbuf/index.html and 21 other files
