RUN background_jobs-oscript-1
DONE background_jobs-oscript-1: exit=1
RUN bmp_rotate-lua-1
DONE bmp_rotate-lua-1: ok
RUN bmp_rotate-lua-2
DONE bmp_rotate-lua-2: ok
RUN bmp_rotate-lua-3
DONE bmp_rotate-lua-3: ok
RUN bmp_rotate-lua-4
DONE bmp_rotate-lua-4: ok
RUN bmp_rotate-lua-5
DONE bmp_rotate-lua-5: ok
RUN bmp_rotate-luajit-1
DONE bmp_rotate-luajit-1: ok
RUN bmp_rotate-luajit-2
DONE bmp_rotate-luajit-2: ok
RUN bmp_rotate-luajit-3
DONE bmp_rotate-luajit-3: ok
RUN bmp_rotate-luajit-4
DONE bmp_rotate-luajit-4: ok
RUN bmp_rotate-luajit-5
DONE bmp_rotate-luajit-5: ok
RUN bmp_rotate-python-1
DONE bmp_rotate-python-1: ok
RUN bmp_rotate-python-2
DONE bmp_rotate-python-2: ok
RUN bmp_rotate-python-3
DONE bmp_rotate-python-3: ok
RUN bmp_rotate-python-4
DONE bmp_rotate-python-4: ok
RUN bmp_rotate-python-5
DONE bmp_rotate-python-5: ok
RUN bmp_rotate-oscript-1
DONE bmp_rotate-oscript-1: exit=1
RUN call_overhead-lua-1
DONE call_overhead-lua-1: ok
RUN call_overhead-lua-2
DONE call_overhead-lua-2: ok
RUN call_overhead-lua-3
DONE call_overhead-lua-3: ok
RUN call_overhead-lua-4
DONE call_overhead-lua-4: ok
RUN call_overhead-lua-5
DONE call_overhead-lua-5: ok
RUN call_overhead-luajit-1
DONE call_overhead-luajit-1: ok
RUN call_overhead-luajit-2
DONE call_overhead-luajit-2: ok
RUN call_overhead-luajit-3
DONE call_overhead-luajit-3: ok
RUN call_overhead-luajit-4
DONE call_overhead-luajit-4: ok
RUN call_overhead-luajit-5
DONE call_overhead-luajit-5: ok
RUN call_overhead-python-1
DONE call_overhead-python-1: ok
RUN call_overhead-python-2
DONE call_overhead-python-2: ok
RUN call_overhead-python-3
DONE call_overhead-python-3: ok
RUN call_overhead-python-4
DONE call_overhead-python-4: ok
RUN call_overhead-python-5
DONE call_overhead-python-5: ok
RUN call_overhead-oscript-1
DONE call_overhead-oscript-1: ok
RUN call_overhead-oscript-2
DONE call_overhead-oscript-2: ok
RUN call_overhead-oscript-3
DONE call_overhead-oscript-3: ok
RUN call_overhead-oscript-4
DONE call_overhead-oscript-4: ok
RUN call_overhead-oscript-5
DONE call_overhead-oscript-5: ok
RUN cbr_rates-lua-1
DONE cbr_rates-lua-1: ok
RUN cbr_rates-lua-2
DONE cbr_rates-lua-2: ok
RUN cbr_rates-lua-3
DONE cbr_rates-lua-3: ok
RUN cbr_rates-lua-4
DONE cbr_rates-lua-4: ok
RUN cbr_rates-lua-5
DONE cbr_rates-lua-5: ok
RUN cbr_rates-luajit-1
DONE cbr_rates-luajit-1: exit=1
RUN cbr_rates-python-1
DONE cbr_rates-python-1: ok
RUN cbr_rates-python-2
DONE cbr_rates-python-2: ok
RUN cbr_rates-python-3
DONE cbr_rates-python-3: ok
RUN cbr_rates-python-4
DONE cbr_rates-python-4: ok
RUN cbr_rates-python-5
DONE cbr_rates-python-5: ok
RUN cbr_rates-oscript-1
DONE cbr_rates-oscript-1: exit=1
RUN csv_write-lua-1
DONE csv_write-lua-1: ok
RUN csv_write-lua-2
DONE csv_write-lua-2: ok
RUN csv_write-lua-3
DONE csv_write-lua-3: ok
RUN csv_write-luajit-1
DONE csv_write-luajit-1: ok
RUN csv_write-luajit-2
DONE csv_write-luajit-2: ok
RUN csv_write-luajit-3
DONE csv_write-luajit-3: ok
RUN csv_write-python-1
DONE csv_write-python-1: ok
RUN csv_write-python-2
DONE csv_write-python-2: ok
RUN csv_write-python-3
DONE csv_write-python-3: ok
RUN csv_write-oscript-1
DONE csv_write-oscript-1: ok
RUN csv_write-oscript-2
DONE csv_write-oscript-2: ok
RUN csv_write-oscript-3
DONE csv_write-oscript-3: ok
RUN csv_write_batched-python-1
DONE csv_write_batched-python-1: ok
RUN csv_write_batched-python-2
DONE csv_write_batched-python-2: ok
RUN csv_write_batched-python-3
DONE csv_write_batched-python-3: ok
RUN csv_write_batched-oscript-1
DONE csv_write_batched-oscript-1: ok
RUN csv_write_batched-oscript-2
DONE csv_write_batched-oscript-2: ok
RUN csv_write_batched-oscript-3
DONE csv_write_batched-oscript-3: ok
RUN edata_writer-oscript-1
DONE edata_writer-oscript-1: exit=1
RUN empty_for-lua-1
DONE empty_for-lua-1: ok
RUN empty_for-lua-2
DONE empty_for-lua-2: ok
RUN empty_for-lua-3
DONE empty_for-lua-3: ok
RUN empty_for-lua-4
DONE empty_for-lua-4: ok
RUN empty_for-lua-5
DONE empty_for-lua-5: ok
RUN empty_for-luajit-1
DONE empty_for-luajit-1: ok
RUN empty_for-luajit-2
DONE empty_for-luajit-2: ok
RUN empty_for-luajit-3
DONE empty_for-luajit-3: ok
RUN empty_for-luajit-4
DONE empty_for-luajit-4: ok
RUN empty_for-luajit-5
DONE empty_for-luajit-5: ok
RUN empty_for-python-1
DONE empty_for-python-1: ok
RUN empty_for-python-2
DONE empty_for-python-2: ok
RUN empty_for-python-3
DONE empty_for-python-3: ok
RUN empty_for-python-4
DONE empty_for-python-4: ok
RUN empty_for-python-5
DONE empty_for-python-5: ok
RUN empty_for-oscript-1
DONE empty_for-oscript-1: ok
RUN empty_for-oscript-2
DONE empty_for-oscript-2: ok
RUN empty_for-oscript-3
DONE empty_for-oscript-3: ok
RUN empty_for-oscript-4
DONE empty_for-oscript-4: ok
RUN empty_for-oscript-5
DONE empty_for-oscript-5: ok
RUN goto_bench-lua-1
DONE goto_bench-lua-1: ok
RUN goto_bench-lua-2
DONE goto_bench-lua-2: ok
RUN goto_bench-lua-3
DONE goto_bench-lua-3: ok
RUN goto_bench-lua-4
DONE goto_bench-lua-4: ok
RUN goto_bench-lua-5
DONE goto_bench-lua-5: ok
RUN goto_bench-luajit-1
DONE goto_bench-luajit-1: ok
RUN goto_bench-luajit-2
DONE goto_bench-luajit-2: ok
RUN goto_bench-luajit-3
DONE goto_bench-luajit-3: ok
RUN goto_bench-luajit-4
DONE goto_bench-luajit-4: ok
RUN goto_bench-luajit-5
DONE goto_bench-luajit-5: ok
RUN goto_bench-python-1
DONE goto_bench-python-1: ok
RUN goto_bench-python-2
DONE goto_bench-python-2: ok
RUN goto_bench-python-3
DONE goto_bench-python-3: ok
RUN goto_bench-python-4
DONE goto_bench-python-4: ok
RUN goto_bench-python-5
DONE goto_bench-python-5: ok
RUN goto_bench-oscript-1
DONE goto_bench-oscript-1: ok
RUN goto_bench-oscript-2
DONE goto_bench-oscript-2: ok
RUN goto_bench-oscript-3
DONE goto_bench-oscript-3: ok
RUN goto_bench-oscript-4
DONE goto_bench-oscript-4: ok
RUN goto_bench-oscript-5
DONE goto_bench-oscript-5: ok
RUN invoice_doc_generator-oscript-1
DONE invoice_doc_generator-oscript-1: exit=1
RUN json_parse-lua-1
DONE json_parse-lua-1: ok
RUN json_parse-lua-2
DONE json_parse-lua-2: ok
RUN json_parse-lua-3
DONE json_parse-lua-3: ok
RUN json_parse-lua-4
DONE json_parse-lua-4: ok
RUN json_parse-lua-5
DONE json_parse-lua-5: ok
RUN json_parse-luajit-1
DONE json_parse-luajit-1: ok
RUN json_parse-luajit-2
DONE json_parse-luajit-2: ok
RUN json_parse-luajit-3
DONE json_parse-luajit-3: ok
RUN json_parse-luajit-4
DONE json_parse-luajit-4: ok
RUN json_parse-luajit-5
DONE json_parse-luajit-5: ok
RUN json_parse-python-1
DONE json_parse-python-1: exit=1
RUN json_parse-oscript-1
DONE json_parse-oscript-1: ok
RUN json_parse-oscript-2
DONE json_parse-oscript-2: ok
RUN json_parse-oscript-3
DONE json_parse-oscript-3: ok
RUN json_parse-oscript-4
DONE json_parse-oscript-4: ok
RUN json_parse-oscript-5
DONE json_parse-oscript-5: ok
RUN json_write-lua-1
DONE json_write-lua-1: ok
RUN json_write-lua-2
DONE json_write-lua-2: ok
RUN json_write-lua-3
DONE json_write-lua-3: ok
RUN json_write-lua-4
DONE json_write-lua-4: ok
RUN json_write-lua-5
DONE json_write-lua-5: ok
RUN json_write-luajit-1
DONE json_write-luajit-1: ok
RUN json_write-luajit-2
DONE json_write-luajit-2: ok
RUN json_write-luajit-3
DONE json_write-luajit-3: ok
RUN json_write-luajit-4
DONE json_write-luajit-4: ok
RUN json_write-luajit-5
DONE json_write-luajit-5: ok
RUN json_write-python-1
DONE json_write-python-1: exit=1
RUN json_write-oscript-1
DONE json_write-oscript-1: ok
RUN json_write-oscript-2
DONE json_write-oscript-2: ok
RUN json_write-oscript-3
DONE json_write-oscript-3: ok
RUN json_write-oscript-4
DONE json_write-oscript-4: ok
RUN json_write-oscript-5
DONE json_write-oscript-5: ok
RUN pi_leibniz-lua-1
DONE pi_leibniz-lua-1: ok
RUN pi_leibniz-lua-2
DONE pi_leibniz-lua-2: ok
RUN pi_leibniz-lua-3
DONE pi_leibniz-lua-3: ok
RUN pi_leibniz-lua-4
DONE pi_leibniz-lua-4: ok
RUN pi_leibniz-lua-5
DONE pi_leibniz-lua-5: ok
RUN pi_leibniz-luajit-1
DONE pi_leibniz-luajit-1: ok
RUN pi_leibniz-luajit-2
DONE pi_leibniz-luajit-2: ok
RUN pi_leibniz-luajit-3
DONE pi_leibniz-luajit-3: ok
RUN pi_leibniz-luajit-4
DONE pi_leibniz-luajit-4: ok
RUN pi_leibniz-luajit-5
DONE pi_leibniz-luajit-5: ok
RUN pi_leibniz-python-1
DONE pi_leibniz-python-1: ok
RUN pi_leibniz-python-2
DONE pi_leibniz-python-2: ok
RUN pi_leibniz-python-3
DONE pi_leibniz-python-3: ok
RUN pi_leibniz-python-4
DONE pi_leibniz-python-4: ok
RUN pi_leibniz-python-5
DONE pi_leibniz-python-5: ok
RUN pi_leibniz-oscript-1
DONE pi_leibniz-oscript-1: ok
RUN pi_leibniz-oscript-2
DONE pi_leibniz-oscript-2: ok
RUN pi_leibniz-oscript-3
DONE pi_leibniz-oscript-3: ok
RUN pi_leibniz-oscript-4
DONE pi_leibniz-oscript-4: ok
RUN pi_leibniz-oscript-5
DONE pi_leibniz-oscript-5: ok
RUN pi_leibniz_15-python-1
DONE pi_leibniz_15-python-1: ok
RUN pi_leibniz_15-python-2
DONE pi_leibniz_15-python-2: ok
RUN pi_leibniz_15-python-3
DONE pi_leibniz_15-python-3: ok
RUN pi_leibniz_15-python-4
DONE pi_leibniz_15-python-4: ok
RUN pi_leibniz_15-python-5
DONE pi_leibniz_15-python-5: ok
RUN pi_leibniz_15-oscript-1
DONE pi_leibniz_15-oscript-1: ok
RUN pi_leibniz_15-oscript-2
DONE pi_leibniz_15-oscript-2: ok
RUN pi_leibniz_15-oscript-3
DONE pi_leibniz_15-oscript-3: ok
RUN pi_leibniz_15-oscript-4
DONE pi_leibniz_15-oscript-4: ok
RUN pi_leibniz_15-oscript-5
DONE pi_leibniz_15-oscript-5: ok
RUN regexp-lua-1
DONE regexp-lua-1: ok
RUN regexp-lua-2
DONE regexp-lua-2: ok
RUN regexp-lua-3
DONE regexp-lua-3: ok
RUN regexp-lua-4
DONE regexp-lua-4: ok
RUN regexp-lua-5
DONE regexp-lua-5: ok
RUN regexp-luajit-1
DONE regexp-luajit-1: ok
RUN regexp-luajit-2
DONE regexp-luajit-2: ok
RUN regexp-luajit-3
DONE regexp-luajit-3: ok
RUN regexp-luajit-4
DONE regexp-luajit-4: ok
RUN regexp-luajit-5
DONE regexp-luajit-5: ok
RUN regexp-python-1
DONE regexp-python-1: ok
RUN regexp-python-2
DONE regexp-python-2: ok
RUN regexp-python-3
DONE regexp-python-3: ok
RUN regexp-python-4
DONE regexp-python-4: ok
RUN regexp-python-5
DONE regexp-python-5: ok
RUN regexp-oscript-1
DONE regexp-oscript-1: exit=1
RUN simple_parquet_reader-lua-1
DONE simple_parquet_reader-lua-1: ok
RUN simple_parquet_reader-lua-2
DONE simple_parquet_reader-lua-2: ok
RUN simple_parquet_reader-lua-3
DONE simple_parquet_reader-lua-3: ok
RUN simple_parquet_reader-lua-4
DONE simple_parquet_reader-lua-4: ok
RUN simple_parquet_reader-lua-5
DONE simple_parquet_reader-lua-5: ok
RUN simple_parquet_reader-luajit-1
DONE simple_parquet_reader-luajit-1: ok
RUN simple_parquet_reader-luajit-2
DONE simple_parquet_reader-luajit-2: ok
RUN simple_parquet_reader-luajit-3
DONE simple_parquet_reader-luajit-3: ok
RUN simple_parquet_reader-luajit-4
DONE simple_parquet_reader-luajit-4: ok
RUN simple_parquet_reader-luajit-5
DONE simple_parquet_reader-luajit-5: ok
RUN simple_parquet_reader-python-1
DONE simple_parquet_reader-python-1: exit=1
RUN simple_parquet_reader-oscript-1
DONE simple_parquet_reader-oscript-1: exit=1
RUN str_concat-lua-1
DONE str_concat-lua-1: ok
RUN str_concat-lua-2
DONE str_concat-lua-2: ok
RUN str_concat-lua-3
DONE str_concat-lua-3: ok
RUN str_concat-lua-4
DONE str_concat-lua-4: ok
RUN str_concat-lua-5
DONE str_concat-lua-5: ok
RUN str_concat-luajit-1
DONE str_concat-luajit-1: ok
RUN str_concat-luajit-2
DONE str_concat-luajit-2: ok
RUN str_concat-luajit-3
DONE str_concat-luajit-3: ok
RUN str_concat-luajit-4
DONE str_concat-luajit-4: ok
RUN str_concat-luajit-5
DONE str_concat-luajit-5: ok
RUN str_concat-python-1
DONE str_concat-python-1: ok
RUN str_concat-python-2
DONE str_concat-python-2: ok
RUN str_concat-python-3
DONE str_concat-python-3: ok
RUN str_concat-python-4
DONE str_concat-python-4: ok
RUN str_concat-python-5
DONE str_concat-python-5: ok
RUN str_concat-oscript-1
DONE str_concat-oscript-1: ok
RUN str_concat-oscript-2
DONE str_concat-oscript-2: ok
RUN str_concat-oscript-3
DONE str_concat-oscript-3: ok
RUN str_concat-oscript-4
DONE str_concat-oscript-4: ok
RUN str_concat-oscript-5
DONE str_concat-oscript-5: ok
RUN str_find-lua-1
DONE str_find-lua-1: ok
RUN str_find-lua-2
DONE str_find-lua-2: ok
RUN str_find-lua-3
DONE str_find-lua-3: ok
RUN str_find-lua-4
DONE str_find-lua-4: ok
RUN str_find-lua-5
DONE str_find-lua-5: ok
RUN str_find-luajit-1
DONE str_find-luajit-1: ok
RUN str_find-luajit-2
DONE str_find-luajit-2: ok
RUN str_find-luajit-3
DONE str_find-luajit-3: ok
RUN str_find-luajit-4
DONE str_find-luajit-4: ok
RUN str_find-luajit-5
DONE str_find-luajit-5: ok
RUN str_find-python-1
DONE str_find-python-1: ok
RUN str_find-python-2
DONE str_find-python-2: ok
RUN str_find-python-3
DONE str_find-python-3: ok
RUN str_find-python-4
DONE str_find-python-4: ok
RUN str_find-python-5
DONE str_find-python-5: ok
RUN str_find-oscript-1
DONE str_find-oscript-1: ok
RUN str_find-oscript-2
DONE str_find-oscript-2: ok
RUN str_find-oscript-3
DONE str_find-oscript-3: ok
RUN str_find-oscript-4
DONE str_find-oscript-4: ok
RUN str_find-oscript-5
DONE str_find-oscript-5: ok
RUN str_index-lua-1
DONE str_index-lua-1: ok
RUN str_index-lua-2
DONE str_index-lua-2: ok
RUN str_index-lua-3
DONE str_index-lua-3: ok
RUN str_index-lua-4
DONE str_index-lua-4: ok
RUN str_index-lua-5
DONE str_index-lua-5: ok
RUN str_index-luajit-1
DONE str_index-luajit-1: ok
RUN str_index-luajit-2
DONE str_index-luajit-2: ok
RUN str_index-luajit-3
DONE str_index-luajit-3: ok
RUN str_index-luajit-4
DONE str_index-luajit-4: ok
RUN str_index-luajit-5
DONE str_index-luajit-5: ok
RUN str_index-python-1
DONE str_index-python-1: ok
RUN str_index-python-2
DONE str_index-python-2: ok
RUN str_index-python-3
DONE str_index-python-3: ok
RUN str_index-python-4
DONE str_index-python-4: ok
RUN str_index-python-5
DONE str_index-python-5: ok
RUN str_index-oscript-1
DONE str_index-oscript-1: ok
RUN str_index-oscript-2
DONE str_index-oscript-2: ok
RUN str_index-oscript-3
DONE str_index-oscript-3: ok
RUN str_index-oscript-4
DONE str_index-oscript-4: ok
RUN str_index-oscript-5
DONE str_index-oscript-5: ok
RUN table_compare-lua-1
DONE table_compare-lua-1: ok
RUN table_compare-lua-2
DONE table_compare-lua-2: ok
RUN table_compare-lua-3
DONE table_compare-lua-3: ok
RUN table_compare-luajit-1
DONE table_compare-luajit-1: ok
RUN table_compare-luajit-2
DONE table_compare-luajit-2: ok
RUN table_compare-luajit-3
DONE table_compare-luajit-3: ok
RUN table_compare-python-1
DONE table_compare-python-1: ok
RUN table_compare-python-2
DONE table_compare-python-2: ok
RUN table_compare-python-3
DONE table_compare-python-3: ok
RUN table_compare-oscript-1
DONE table_compare-oscript-1: ok
RUN table_compare-oscript-2
DONE table_compare-oscript-2: ok
RUN table_compare-oscript-3
DONE table_compare-oscript-3: ok
RUN table_compare2-oscript-1
DONE table_compare2-oscript-1: exit=1
RUN table_save_load-oscript-1
DONE table_save_load-oscript-1: exit=1
RUN table_sort-lua-1
DONE table_sort-lua-1: ok
RUN table_sort-lua-2
DONE table_sort-lua-2: ok
RUN table_sort-lua-3
DONE table_sort-lua-3: ok
RUN table_sort-lua-4
DONE table_sort-lua-4: ok
RUN table_sort-lua-5
DONE table_sort-lua-5: ok
RUN table_sort-luajit-1
DONE table_sort-luajit-1: ok
RUN table_sort-luajit-2
DONE table_sort-luajit-2: ok
RUN table_sort-luajit-3
DONE table_sort-luajit-3: ok
RUN table_sort-luajit-4
DONE table_sort-luajit-4: ok
RUN table_sort-luajit-5
DONE table_sort-luajit-5: ok
RUN table_sort-python-1
DONE table_sort-python-1: ok
RUN table_sort-python-2
DONE table_sort-python-2: ok
RUN table_sort-python-3
DONE table_sort-python-3: ok
RUN table_sort-python-4
DONE table_sort-python-4: ok
RUN table_sort-python-5
DONE table_sort-python-5: ok
RUN table_sort-oscript-1
DONE table_sort-oscript-1: ok
RUN table_sort-oscript-2
DONE table_sort-oscript-2: ok
RUN table_sort-oscript-3
DONE table_sort-oscript-3: ok
RUN table_sort-oscript-4
DONE table_sort-oscript-4: ok
RUN table_sort-oscript-5
DONE table_sort-oscript-5: ok
RUN table_total-lua-1
DONE table_total-lua-1: ok
RUN table_total-lua-2
DONE table_total-lua-2: ok
RUN table_total-lua-3
DONE table_total-lua-3: ok
RUN table_total-lua-4
DONE table_total-lua-4: ok
RUN table_total-lua-5
DONE table_total-lua-5: ok
RUN table_total-luajit-1
DONE table_total-luajit-1: ok
RUN table_total-luajit-2
DONE table_total-luajit-2: ok
RUN table_total-luajit-3
DONE table_total-luajit-3: ok
RUN table_total-luajit-4
DONE table_total-luajit-4: ok
RUN table_total-luajit-5
DONE table_total-luajit-5: ok
RUN table_total-python-1
DONE table_total-python-1: ok
RUN table_total-python-2
DONE table_total-python-2: ok
RUN table_total-python-3
DONE table_total-python-3: ok
RUN table_total-python-4
DONE table_total-python-4: ok
RUN table_total-python-5
DONE table_total-python-5: ok
RUN table_total-oscript-1
DONE table_total-oscript-1: ok
RUN table_total-oscript-2
DONE table_total-oscript-2: ok
RUN table_total-oscript-3
DONE table_total-oscript-3: ok
RUN table_total-oscript-4
DONE table_total-oscript-4: ok
RUN table_total-oscript-5
DONE table_total-oscript-5: ok
RUN textdoc_invoice-lua-1
DONE textdoc_invoice-lua-1: ok
RUN textdoc_invoice-lua-2
DONE textdoc_invoice-lua-2: ok
RUN textdoc_invoice-lua-3
DONE textdoc_invoice-lua-3: ok
RUN textdoc_invoice-lua-4
DONE textdoc_invoice-lua-4: ok
RUN textdoc_invoice-lua-5
DONE textdoc_invoice-lua-5: ok
RUN textdoc_invoice-luajit-1
DONE textdoc_invoice-luajit-1: ok
RUN textdoc_invoice-luajit-2
DONE textdoc_invoice-luajit-2: ok
RUN textdoc_invoice-luajit-3
DONE textdoc_invoice-luajit-3: ok
RUN textdoc_invoice-luajit-4
DONE textdoc_invoice-luajit-4: ok
RUN textdoc_invoice-luajit-5
DONE textdoc_invoice-luajit-5: ok
RUN textdoc_invoice-python-1
DONE textdoc_invoice-python-1: ok
RUN textdoc_invoice-python-2
DONE textdoc_invoice-python-2: ok
RUN textdoc_invoice-python-3
DONE textdoc_invoice-python-3: ok
RUN textdoc_invoice-python-4
DONE textdoc_invoice-python-4: ok
RUN textdoc_invoice-python-5
DONE textdoc_invoice-python-5: ok
RUN textdoc_invoice-oscript-1
DONE textdoc_invoice-oscript-1: exit=1
RUN xml_parse-lua-1
DONE xml_parse-lua-1: ok
RUN xml_parse-lua-2
DONE xml_parse-lua-2: ok
RUN xml_parse-lua-3
DONE xml_parse-lua-3: ok
RUN xml_parse-lua-4
DONE xml_parse-lua-4: ok
RUN xml_parse-lua-5
DONE xml_parse-lua-5: ok
RUN xml_parse-luajit-1
DONE xml_parse-luajit-1: ok
RUN xml_parse-luajit-2
DONE xml_parse-luajit-2: ok
RUN xml_parse-luajit-3
DONE xml_parse-luajit-3: ok
RUN xml_parse-luajit-4
DONE xml_parse-luajit-4: ok
RUN xml_parse-luajit-5
DONE xml_parse-luajit-5: ok
RUN xml_parse-python-1
DONE xml_parse-python-1: ok
RUN xml_parse-python-2
DONE xml_parse-python-2: ok
RUN xml_parse-python-3
DONE xml_parse-python-3: ok
RUN xml_parse-python-4
DONE xml_parse-python-4: ok
RUN xml_parse-python-5
DONE xml_parse-python-5: ok
RUN xml_parse-oscript-1
DONE xml_parse-oscript-1: ok
RUN xml_parse-oscript-2
DONE xml_parse-oscript-2: ok
RUN xml_parse-oscript-3
DONE xml_parse-oscript-3: ok
RUN xml_parse-oscript-4
DONE xml_parse-oscript-4: ok
RUN xml_parse-oscript-5
DONE xml_parse-oscript-5: ok
RUN xml_write-lua-1
DONE xml_write-lua-1: ok
RUN xml_write-lua-2
DONE xml_write-lua-2: ok
RUN xml_write-lua-3
DONE xml_write-lua-3: ok
RUN xml_write-lua-4
DONE xml_write-lua-4: ok
RUN xml_write-lua-5
DONE xml_write-lua-5: ok
RUN xml_write-luajit-1
DONE xml_write-luajit-1: ok
RUN xml_write-luajit-2
DONE xml_write-luajit-2: ok
RUN xml_write-luajit-3
DONE xml_write-luajit-3: ok
RUN xml_write-luajit-4
DONE xml_write-luajit-4: ok
RUN xml_write-luajit-5
DONE xml_write-luajit-5: ok
RUN xml_write-python-1
DONE xml_write-python-1: ok
RUN xml_write-python-2
DONE xml_write-python-2: ok
RUN xml_write-python-3
DONE xml_write-python-3: ok
RUN xml_write-python-4
DONE xml_write-python-4: ok
RUN xml_write-python-5
DONE xml_write-python-5: ok
RUN xml_write-oscript-1
DONE xml_write-oscript-1: ok
RUN xml_write-oscript-2
DONE xml_write-oscript-2: ok
RUN xml_write-oscript-3
DONE xml_write-oscript-3: ok
RUN xml_write-oscript-4
DONE xml_write-oscript-4: ok
RUN xml_write-oscript-5
DONE xml_write-oscript-5: ok
RUN zip_read-python-1
DONE zip_read-python-1: ok
RUN zip_read-python-2
DONE zip_read-python-2: ok
RUN zip_read-python-3
DONE zip_read-python-3: ok
RUN zip_read-python-4
DONE zip_read-python-4: ok
RUN zip_read-python-5
DONE zip_read-python-5: ok
RUN zip_read-oscript-1
DONE zip_read-oscript-1: ok
RUN zip_read-oscript-2
DONE zip_read-oscript-2: ok
RUN zip_read-oscript-3
DONE zip_read-oscript-3: ok
RUN zip_read-oscript-4
DONE zip_read-oscript-4: ok
RUN zip_read-oscript-5
DONE zip_read-oscript-5: ok
RUN zip_write-python-1
DONE zip_write-python-1: ok
RUN zip_write-python-2
DONE zip_write-python-2: ok
RUN zip_write-python-3
DONE zip_write-python-3: ok
RUN zip_write-python-4
DONE zip_write-python-4: ok
RUN zip_write-python-5
DONE zip_write-python-5: ok
RUN zip_write-oscript-1
DONE zip_write-oscript-1: ok
RUN zip_write-oscript-2
DONE zip_write-oscript-2: ok
RUN zip_write-oscript-3
DONE zip_write-oscript-3: ok
RUN zip_write-oscript-4
DONE zip_write-oscript-4: ok
RUN zip_write-oscript-5
DONE zip_write-oscript-5: ok
